<html>
<body>
<pre>
<h1>礦ision Build Log</h1>
<h2>Tool Versions:</h2>
IDE-Version: μVision V5.14.0.0
Copyright (C) 2015 ARM Ltd and ARM Germany GmbH. All rights reserved.
License Information: eric Microsoft, Microsoft, LIC=BUUAR-K7HR2-8RHXR-KVREM-4SU4L-1FYCA
 
Tool Versions:
Toolchain:       MDK-ARM Standard  Version: 5.14.0.0
Toolchain Path:  D:\Keil_v5\ARM\ARMCC\Bin
C Compiler:      Armcc.exe V5.05 update 1 (build 106)
Assembler:       Armasm.exe V5.05 update 1 (build 106)
Linker/Locator:  ArmLink.exe V5.05 update 1 (build 106)
Library Manager: ArmAr.exe V5.05 update 1 (build 106)
Hex Converter:   FromElf.exe V5.05 update 1 (build 106)
CPU DLL:         SARMCM3.DLL V5.14.0.0
Dialog DLL:      DCM.DLL V1.13.1.0
Target DLL:      Segger\JL2CM3.dll V2.99.13.0
Dialog DLL:      TCM.DLL V1.14.4.0
 
<h2>Project:</h2>
C:\Users\Eric\Desktop\智能收纳柜\code\USER\GSM.uvprojx
Project File Date:  11/13/2017

<h2>Output:</h2>
Rebuild target 'GSM'
compiling main.c...
compiling stm32f10x_it.c...
compiling system_stm32f10x.c...
compiling led.c...
compiling key.c...
compiling lcd.c...
compiling spi.c...
compiling flash.c...
compiling MMC_SD.C...
compiling myiic.c...
compiling 24cxx.c...
compiling touch.c...
compiling ctiic.c...
compiling ott2001a.c...
compiling usart2.c...
compiling delay.c...
compiling sys.c...
compiling usart.c...
compiling core_cm3.c...
assembling startup_stm32f10x_hd.s...
compiling stm32f10x_gpio.c...
compiling stm32f10x_rcc.c...
compiling stm32f10x_usart.c...
compiling misc.c...
compiling stm32f10x_spi.c...
compiling stm32f10x_tim.c...
compiling stm32f10x_dma.c...
compiling stm32f10x_exti.c...
compiling malloc.c...
compiling exfuns.c...
compiling fattester.c...
compiling diskio.c...
compiling ff.c...
compiling mycc936.c...
compiling fontupd.c...
compiling text.c...
compiling usmart.c...
compiling usmart_config.c...
compiling usmart_str.c...
compiling sim800c.c...
..\SIM800C\sim800c.c(1398): warning:  #550-D: variable "sim_ready" was set but never used
        u8 sim_ready=0;
..\SIM800C\sim800c.c: 1 warning, 0 errors
linking...
Program Size: Code=81366 RO-data=8726 RW-data=956 ZI-data=42036  
FromELF: creating hex file...
"..\OBJ\GSM.axf" - 0 Error(s), 1 Warning(s).

<h2>Collection of Component include folders:</h2>
  C:\Users\Eric\Desktop\智能收纳柜\code\USER\RTE
  D:\Keil_v5\ARM\PACK\Keil\STM32F1xx_DFP\2.1.0

<h2>Collection of Component Files used:</h2>
</pre>
</body>
</html>
