Component: ARM Compiler 5.05 update 1 (build 106) Tool: armlink [4d0efa]

==============================================================================

Section Cross References

    main.o(.text) refers to sys.o(.text) for NVIC_Configuration
    main.o(.text) refers to delay.o(.text) for delay_init
    main.o(.text) refers to usart.o(.text) for uart_init
    main.o(.text) refers to lcd.o(.text) for LCD_Init
    main.o(.text) refers to led.o(.text) for LED_Init
    main.o(.text) refers to key.o(.text) for KEY_Init
    main.o(.text) refers to usart2.o(.text) for USART2_Init
    main.o(.text) refers to malloc.o(.text) for mem_init
    main.o(.text) refers to exfuns.o(.text) for exfuns_init
    main.o(.text) refers to ff.o(.text) for f_mount
    main.o(.text) refers to fontupd.o(.text) for font_init
    main.o(.text) refers to mmc_sd.o(.text) for SD_Initialize
    main.o(.text) refers to sim800c.o(.text) for sim800c_test
    main.o(.text) refers to usmart_config.o(.data) for usmart_dev
    main.o(.text) refers to touch.o(.data) for tp_dev
    main.o(.text) refers to exfuns.o(.data) for fs
    main.o(.text) refers to lcd.o(.data) for POINT_COLOR
    system_stm32f10x.o(.text) refers to system_stm32f10x.o(.data) for .data
    led.o(.text) refers to stm32f10x_rcc.o(.text) for RCC_APB2PeriphClockCmd
    led.o(.text) refers to stm32f10x_gpio.o(.text) for GPIO_Init
    key.o(.text) refers to stm32f10x_rcc.o(.text) for RCC_APB2PeriphClockCmd
    key.o(.text) refers to stm32f10x_gpio.o(.text) for GPIO_PinRemapConfig
    key.o(.text) refers to delay.o(.text) for delay_ms
    key.o(.text) refers to key.o(.data) for .data
    lcd.o(.text) refers to _printf_percent.o(.ARM.Collect$$_printf_percent$$00000000) for _printf_percent
    lcd.o(.text) refers to _printf_x.o(.ARM.Collect$$_printf_percent$$0000000C) for _printf_x
    lcd.o(.text) refers to _printf_hex_int_ll_ptr.o(.text) for _printf_longlong_hex
    lcd.o(.text) refers to stm32f10x_gpio.o(.text) for GPIO_ResetBits
    lcd.o(.text) refers to delay.o(.text) for delay_us
    lcd.o(.text) refers to lcd.o(.bss) for .bss
    lcd.o(.text) refers to lcd.o(.data) for .data
    lcd.o(.text) refers to stm32f10x_rcc.o(.text) for RCC_APB2PeriphClockCmd
    lcd.o(.text) refers to __2printf.o(.text) for __2printf
    lcd.o(.text) refers to lcd.o(.constdata) for .constdata
    spi.o(.text) refers to stm32f10x_spi.o(.text) for SPI_I2S_GetFlagStatus
    spi.o(.text) refers to stm32f10x_rcc.o(.text) for RCC_APB2PeriphClockCmd
    spi.o(.text) refers to stm32f10x_gpio.o(.text) for GPIO_Init
    spi.o(.text) refers to spi.o(.bss) for .bss
    flash.o(.text) refers to spi.o(.text) for SPI1_ReadWriteByte
    flash.o(.text) refers to stm32f10x_rcc.o(.text) for RCC_APB2PeriphClockCmd
    flash.o(.text) refers to stm32f10x_gpio.o(.text) for GPIO_Init
    flash.o(.text) refers to malloc.o(.text) for mymalloc
    flash.o(.text) refers to flash.o(.data) for .data
    flash.o(.text) refers to delay.o(.text) for delay_us
    mmc_sd.o(.text) refers to spi.o(.text) for SPI1_ReadWriteByte
    mmc_sd.o(.text) refers to stm32f10x_rcc.o(.text) for RCC_APB2PeriphClockCmd
    mmc_sd.o(.text) refers to stm32f10x_gpio.o(.text) for GPIO_Init
    mmc_sd.o(.text) refers to mmc_sd.o(.data) for .data
    myiic.o(.text) refers to stm32f10x_rcc.o(.text) for RCC_APB2PeriphClockCmd
    myiic.o(.text) refers to stm32f10x_gpio.o(.text) for GPIO_Init
    myiic.o(.text) refers to delay.o(.text) for delay_us
    24cxx.o(.text) refers to myiic.o(.text) for IIC_Init
    24cxx.o(.text) refers to delay.o(.text) for delay_ms
    touch.o(.text) refers to delay.o(.text) for delay_us
    touch.o(.text) refers to lcd.o(.text) for LCD_DrawLine
    touch.o(.text) refers to fflt_clz.o(x$fpl$fflt) for __aeabi_i2f
    touch.o(.text) refers to fflt_clz.o(x$fpl$ffltu) for __aeabi_ui2f
    touch.o(.text) refers to fmul.o(x$fpl$fmul) for __aeabi_fmul
    touch.o(.text) refers to faddsub_clz.o(x$fpl$fadd) for __aeabi_fadd
    touch.o(.text) refers to ffixu.o(x$fpl$ffixu) for __aeabi_f2uiz
    touch.o(.text) refers to 24cxx.o(.text) for AT24CXX_WriteLenByte
    touch.o(.text) refers to touch.o(.data) for .data
    touch.o(.text) refers to lcd.o(.data) for POINT_COLOR
    touch.o(.text) refers to dflt_clz.o(x$fpl$dfltu) for __aeabi_ui2d
    touch.o(.text) refers to sqrt.o(i.sqrt) for sqrt
    touch.o(.text) refers to dfixu.o(x$fpl$dfixu) for __aeabi_d2uiz
    touch.o(.text) refers to fdiv.o(x$fpl$fdiv) for __aeabi_fdiv
    touch.o(.text) refers to faddsub_clz.o(x$fpl$fsub) for __aeabi_fsub
    touch.o(.text) refers to scalbnf.o(x$fpl$scalbnf) for __ARM_scalbnf
    touch.o(.text) refers to ffix.o(x$fpl$ffix) for __aeabi_f2iz
    touch.o(.text) refers to lcd.o(.bss) for lcddev
    touch.o(.text) refers to touch.o(.constdata) for .constdata
    touch.o(.text) refers to stm32f10x_rcc.o(.text) for RCC_APB2PeriphClockCmd
    touch.o(.text) refers to stm32f10x_gpio.o(.text) for GPIO_Init
[...]
    TP_Read_XOY                              0x08006bf1   Thumb Code   234  touch.o(.text)
    TP_Read_XY                               0x08006cdb   Thumb Code    34  touch.o(.text)
    TP_Read_XY2                              0x08006cfd   Thumb Code   142  touch.o(.text)
    TP_Drow_Touch_Point                      0x08006d8b   Thumb Code   106  touch.o(.text)
    TP_Draw_Big_Point                        0x08006df5   Thumb Code    48  touch.o(.text)
    TP_Scan                                  0x08006e25   Thumb Code   176  touch.o(.text)
    TP_Save_Adjdata                          0x08006ed5   Thumb Code    66  touch.o(.text)
    TP_Get_Adjdata                           0x08006f17   Thumb Code   110  touch.o(.text)
    TP_Adj_Info_Show                         0x08006f85   Thumb Code   320  touch.o(.text)
    TP_Adjust                                0x080070c5   Thumb Code  1066  touch.o(.text)
    TP_Init                                  0x080074ef   Thumb Code   172  touch.o(.text)
    CT_Delay                                 0x080075d1   Thumb Code     6  ctiic.o(.text)
    CT_IIC_Init                              0x080075d7   Thumb Code    48  ctiic.o(.text)
    CT_IIC_Start                             0x08007607   Thumb Code    56  ctiic.o(.text)
    CT_IIC_Stop                              0x0800763f   Thumb Code    56  ctiic.o(.text)
    CT_IIC_Wait_Ack                          0x08007677   Thumb Code   132  ctiic.o(.text)
    CT_IIC_Ack                               0x080076fb   Thumb Code    56  ctiic.o(.text)
    CT_IIC_NAck                              0x08007733   Thumb Code    56  ctiic.o(.text)
    CT_IIC_Send_Byte                         0x0800776b   Thumb Code    80  ctiic.o(.text)
    CT_IIC_Read_Byte                         0x080077bb   Thumb Code   174  ctiic.o(.text)
    OTT2001A_WR_Reg                          0x08007871   Thumb Code    84  ott2001a.o(.text)
    OTT2001A_RD_Reg                          0x080078c5   Thumb Code    98  ott2001a.o(.text)
    OTT2001A_SensorControl                   0x08007927   Thumb Code    84  ott2001a.o(.text)
    OTT2001A_Init                            0x0800797b   Thumb Code   208  ott2001a.o(.text)
    CTP_Scan                                 0x08007a4b   Thumb Code   438  ott2001a.o(.text)
    TIM4_Set                                 0x08007c3d   Thumb Code    38  usart2.o(.text)
    USART2_IRQHandler                        0x08007c63   Thumb Code    86  usart2.o(.text)
    TIM4_Init                                0x08007cb9   Thumb Code    86  usart2.o(.text)
    UART_DMA_Config                          0x08007d0f   Thumb Code    66  usart2.o(.text)
    USART2_Init                              0x08007d51   Thumb Code   326  usart2.o(.text)
    UART_DMA_Enable                          0x08007e97   Thumb Code    32  usart2.o(.text)
    u2_printf                                0x08007eb7   Thumb Code    64  usart2.o(.text)
    TIM4_SetARR                              0x08007ef7   Thumb Code    30  usart2.o(.text)
    TIM4_IRQHandler                          0x08007f15   Thumb Code   114  usart2.o(.text)
    delay_init                               0x08007fb1   Thumb Code    46  delay.o(.text)
    delay_us                                 0x08007fdf   Thumb Code    50  delay.o(.text)
    delay_ms                                 0x08008011   Thumb Code    50  delay.o(.text)
    NVIC_Configuration                       0x08008051   Thumb Code     8  sys.o(.text)
    _sys_exit                                0x08008059   Thumb Code     2  usart.o(.text)
    fputc                                    0x0800805b   Thumb Code    18  usart.o(.text)
    uart_init                                0x0800806d   Thumb Code   156  usart.o(.text)
    USART1_IRQHandler                        0x08008109   Thumb Code   102  usart.o(.text)
    Reset_Handler                            0x08008185   Thumb Code     8  startup_stm32f10x_hd.o(.text)
    ADC1_2_IRQHandler                        0x0800819f   Thumb Code     0  startup_stm32f10x_hd.o(.text)
    ADC3_IRQHandler                          0x0800819f   Thumb Code     0  startup_stm32f10x_hd.o(.text)
    CAN1_RX1_IRQHandler                      0x0800819f   Thumb Code     0  startup_stm32f10x_hd.o(.text)
    CAN1_SCE_IRQHandler                      0x0800819f   Thumb Code     0  startup_stm32f10x_hd.o(.text)
    DMA1_Channel1_IRQHandler                 0x0800819f   Thumb Code     0  startup_stm32f10x_hd.o(.text)
    DMA1_Channel2_IRQHandler                 0x0800819f   Thumb Code     0  startup_stm32f10x_hd.o(.text)
    DMA1_Channel3_IRQHandler                 0x0800819f   Thumb Code     0  startup_stm32f10x_hd.o(.text)
    DMA1_Channel4_IRQHandler                 0x0800819f   Thumb Code     0  startup_stm32f10x_hd.o(.text)
    DMA1_Channel5_IRQHandler                 0x0800819f   Thumb Code     0  startup_stm32f10x_hd.o(.text)
    DMA1_Channel6_IRQHandler                 0x0800819f   Thumb Code     0  startup_stm32f10x_hd.o(.text)
    DMA1_Channel7_IRQHandler                 0x0800819f   Thumb Code     0  startup_stm32f10x_hd.o(.text)
    DMA2_Channel1_IRQHandler                 0x0800819f   Thumb Code     0  startup_stm32f10x_hd.o(.text)
    DMA2_Channel2_IRQHandler                 0x0800819f   Thumb Code     0  startup_stm32f10x_hd.o(.text)
    DMA2_Channel3_IRQHandler                 0x0800819f   Thumb Code     0  startup_stm32f10x_hd.o(.text)
    DMA2_Channel4_5_IRQHandler               0x0800819f   Thumb Code     0  startup_stm32f10x_hd.o(.text)
    EXTI0_IRQHandler                         0x0800819f   Thumb Code     0  startup_stm32f10x_hd.o(.text)
    EXTI15_10_IRQHandler                     0x0800819f   Thumb Code     0  startup_stm32f10x_hd.o(.text)
    EXTI1_IRQHandler                         0x0800819f   Thumb Code     0  startup_stm32f10x_hd.o(.text)
    EXTI2_IRQHandler                         0x0800819f   Thumb Code     0  startup_stm32f10x_hd.o(.text)
    EXTI3_IRQHandler                         0x0800819f   Thumb Code     0  startup_stm32f10x_hd.o(.text)
    EXTI4_IRQHandler                         0x0800819f   Thumb Code     0  startup_stm32f10x_hd.o(.text)
    EXTI9_5_IRQHandler                       0x0800819f   Thumb Code     0  startup_stm32f10x_hd.o(.text)
    FLASH_IRQHandler                         0x0800819f   Thumb Code     0  startup_stm32f10x_hd.o(.text)
    FSMC_IRQHandler                          0x0800819f   Thumb Code     0  startup_stm32f10x_hd.o(.text)
    I2C1_ER_IRQHandler                       0x0800819f   Thumb Code     0  startup_stm32f10x_hd.o(.text)
    I2C1_EV_IRQHandler                       0x0800819f   Thumb Code     0  startup_stm32f10x_hd.o(.text)
    I2C2_ER_IRQHandler                       0x0800819f   Thumb Code     0  startup_stm32f10x_hd.o(.text)
    I2C2_EV_IRQHandler                       0x0800819f   Thumb Code     0  startup_stm32f10x_hd.o(.text)
    PVD_IRQHandler                           0x0800819f   Thumb Code     0  startup_stm32f10x_hd.o(.text)
    RCC_IRQHandler                           0x0800819f   Thumb Code     0  startup_stm32f10x_hd.o(.text)
    RTCAlarm_IRQHandler                      0x0800819f   Thumb Code     0  startup_stm32f10x_hd.o(.text)
    RTC_IRQHandler                           0x0800819f   Thumb Code     0  startup_stm32f10x_hd.o(.text)
    SDIO_IRQHandler                          0x0800819f   Thumb Code     0  startup_stm32f10x_hd.o(.text)
    SPI1_IRQHandler                          0x0800819f   Thumb Code     0  startup_stm32f10x_hd.o(.text)
    SPI2_IRQHandler                          0x0800819f   Thumb Code     0  startup_stm32f10x_hd.o(.text)
    SPI3_IRQHandler                          0x0800819f   Thumb Code     0  startup_stm32f10x_hd.o(.text)
    TAMPER_IRQHandler                        0x0800819f   Thumb Code     0  startup_stm32f10x_hd.o(.text)
    TIM1_BRK_IRQHandler                      0x0800819f   Thumb Code     0  startup_stm32f10x_hd.o(.text)
    TIM1_CC_IRQHandler                       0x0800819f   Thumb Code     0  startup_stm32f10x_hd.o(.text)
    TIM1_TRG_COM_IRQHandler                  0x0800819f   Thumb Code     0  startup_stm32f10x_hd.o(.text)
    TIM1_UP_IRQHandler                       0x0800819f   Thumb Code     0  startup_stm32f10x_hd.o(.text)
    TIM3_IRQHandler                          0x0800819f   Thumb Code     0  startup_stm32f10x_hd.o(.text)
    TIM5_IRQHandler                          0x0800819f   Thumb Code     0  startup_stm32f10x_hd.o(.text)
    TIM6_IRQHandler                          0x0800819f   Thumb Code     0  startup_stm32f10x_hd.o(.text)
    TIM7_IRQHandler                          0x0800819f   Thumb Code     0  startup_stm32f10x_hd.o(.text)
    TIM8_BRK_IRQHandler                      0x0800819f   Thumb Code     0  startup_stm32f10x_hd.o(.text)
    TIM8_CC_IRQHandler                       0x0800819f   Thumb Code     0  startup_stm32f10x_hd.o(.text)
    TIM8_TRG_COM_IRQHandler                  0x0800819f   Thumb Code     0  startup_stm32f10x_hd.o(.text)
    TIM8_UP_IRQHandler                       0x0800819f   Thumb Code     0  startup_stm32f10x_hd.o(.text)
    UART4_IRQHandler                         0x0800819f   Thumb Code     0  startup_stm32f10x_hd.o(.text)
    UART5_IRQHandler                         0x0800819f   Thumb Code     0  startup_stm32f10x_hd.o(.text)
    USART3_IRQHandler                        0x0800819f   Thumb Code     0  startup_stm32f10x_hd.o(.text)
    USBWakeUp_IRQHandler                     0x0800819f   Thumb Code     0  startup_stm32f10x_hd.o(.text)
    USB_HP_CAN1_TX_IRQHandler                0x0800819f   Thumb Code     0  startup_stm32f10x_hd.o(.text)
    USB_LP_CAN1_RX0_IRQHandler               0x0800819f   Thumb Code     0  startup_stm32f10x_hd.o(.text)
    WWDG_IRQHandler                          0x0800819f   Thumb Code     0  startup_stm32f10x_hd.o(.text)
    __user_initial_stackheap                 0x080081a1   Thumb Code     0  startup_stm32f10x_hd.o(.text)
    GPIO_DeInit                              0x080081c5   Thumb Code   192  stm32f10x_gpio.o(.text)
    GPIO_AFIODeInit                          0x08008285   Thumb Code    22  stm32f10x_gpio.o(.text)
    GPIO_Init                                0x0800829b   Thumb Code   192  stm32f10x_gpio.o(.text)
    GPIO_StructInit                          0x0800835b   Thumb Code    16  stm32f10x_gpio.o(.text)
    GPIO_ReadInputDataBit                    0x0800836b   Thumb Code    14  stm32f10x_gpio.o(.text)
    GPIO_ReadInputData                       0x08008379   Thumb Code     6  stm32f10x_gpio.o(.text)
    GPIO_ReadOutputDataBit                   0x0800837f   Thumb Code    14  stm32f10x_gpio.o(.text)
    GPIO_ReadOutputData                      0x0800838d   Thumb Code     6  stm32f10x_gpio.o(.text)
    GPIO_SetBits                             0x08008393   Thumb Code     4  stm32f10x_gpio.o(.text)
    GPIO_ResetBits                           0x08008397   Thumb Code     4  stm32f10x_gpio.o(.text)
    GPIO_WriteBit                            0x0800839b   Thumb Code    10  stm32f10x_gpio.o(.text)
    GPIO_Write                               0x080083a5   Thumb Code     4  stm32f10x_gpio.o(.text)
    GPIO_PinLockConfig                       0x080083a9   Thumb Code    16  stm32f10x_gpio.o(.text)
    GPIO_EventOutputConfig                   0x080083b9   Thumb Code    22  stm32f10x_gpio.o(.text)
    GPIO_EventOutputCmd                      0x080083cf   Thumb Code     6  stm32f10x_gpio.o(.text)
    GPIO_PinRemapConfig                      0x080083d5   Thumb Code   112  stm32f10x_gpio.o(.text)
    GPIO_EXTILineConfig                      0x08008445   Thumb Code    40  stm32f10x_gpio.o(.text)
    GPIO_ETH_MediaInterfaceConfig            0x0800846d   Thumb Code     8  stm32f10x_gpio.o(.text)
    RCC_DeInit                               0x0800847d   Thumb Code    54  stm32f10x_rcc.o(.text)
    RCC_HSEConfig                            0x080084b3   Thumb Code    50  stm32f10x_rcc.o(.text)
    RCC_GetFlagStatus                        0x080084e5   Thumb Code    42  stm32f10x_rcc.o(.text)
    RCC_WaitForHSEStartUp                    0x0800850f   Thumb Code    50  stm32f10x_rcc.o(.text)
    RCC_AdjustHSICalibrationValue            0x08008541   Thumb Code    16  stm32f10x_rcc.o(.text)
    RCC_HSICmd                               0x08008551   Thumb Code     6  stm32f10x_rcc.o(.text)
    RCC_PLLConfig                            0x08008557   Thumb Code    16  stm32f10x_rcc.o(.text)
    RCC_PLLCmd                               0x08008567   Thumb Code     6  stm32f10x_rcc.o(.text)
    RCC_SYSCLKConfig                         0x0800856d   Thumb Code    14  stm32f10x_rcc.o(.text)
    RCC_GetSYSCLKSource                      0x0800857b   Thumb Code    10  stm32f10x_rcc.o(.text)
    RCC_HCLKConfig                           0x08008585   Thumb Code    14  stm32f10x_rcc.o(.text)
    RCC_PCLK1Config                          0x08008593   Thumb Code    14  stm32f10x_rcc.o(.text)
    RCC_PCLK2Config                          0x080085a1   Thumb Code    16  stm32f10x_rcc.o(.text)
    RCC_ITConfig                             0x080085b1   Thumb Code    18  stm32f10x_rcc.o(.text)
    RCC_USBCLKConfig                         0x080085c3   Thumb Code     8  stm32f10x_rcc.o(.text)
    RCC_ADCCLKConfig                         0x080085cb   Thumb Code    14  stm32f10x_rcc.o(.text)
    RCC_LSEConfig                            0x080085d9   Thumb Code    30  stm32f10x_rcc.o(.text)
    RCC_LSICmd                               0x080085f7   Thumb Code     6  stm32f10x_rcc.o(.text)
    RCC_RTCCLKConfig                         0x080085fd   Thumb Code    10  stm32f10x_rcc.o(.text)
    RCC_RTCCLKCmd                            0x08008607   Thumb Code     6  stm32f10x_rcc.o(.text)
    RCC_GetClocksFreq                        0x0800860d   Thumb Code   150  stm32f10x_rcc.o(.text)
    RCC_AHBPeriphClockCmd                    0x080086a3   Thumb Code    18  stm32f10x_rcc.o(.text)
    RCC_APB2PeriphClockCmd                   0x080086b5   Thumb Code    18  stm32f10x_rcc.o(.text)
    RCC_APB1PeriphClockCmd                   0x080086c7   Thumb Code    18  stm32f10x_rcc.o(.text)
    RCC_APB2PeriphResetCmd                   0x080086d9   Thumb Code    18  stm32f10x_rcc.o(.text)
    RCC_APB1PeriphResetCmd                   0x080086eb   Thumb Code    18  stm32f10x_rcc.o(.text)
    RCC_BackupResetCmd                       0x080086fd   Thumb Code     6  stm32f10x_rcc.o(.text)
    RCC_ClockSecuritySystemCmd               0x08008703   Thumb Code     6  stm32f10x_rcc.o(.text)
    RCC_MCOConfig                            0x08008709   Thumb Code     6  stm32f10x_rcc.o(.text)
    RCC_ClearFlag                            0x0800870f   Thumb Code    12  stm32f10x_rcc.o(.text)
    RCC_GetITStatus                          0x0800871b   Thumb Code    16  stm32f10x_rcc.o(.text)
    RCC_ClearITPendingBit                    0x0800872b   Thumb Code     6  stm32f10x_rcc.o(.text)
    USART_DeInit                             0x08008755   Thumb Code   148  stm32f10x_usart.o(.text)
    USART_Init                               0x080087e9   Thumb Code   174  stm32f10x_usart.o(.text)
    USART_StructInit                         0x08008897   Thumb Code    22  stm32f10x_usart.o(.text)
    USART_ClockInit                          0x080088ad   Thumb Code    36  stm32f10x_usart.o(.text)
    USART_ClockStructInit                    0x080088d1   Thumb Code    12  stm32f10x_usart.o(.text)
    USART_Cmd                                0x080088dd   Thumb Code    18  stm32f10x_usart.o(.text)
    USART_ITConfig                           0x080088ef   Thumb Code    48  stm32f10x_usart.o(.text)
    USART_DMACmd                             0x0800891f   Thumb Code    16  stm32f10x_usart.o(.text)
    USART_SetAddress                         0x0800892f   Thumb Code    16  stm32f10x_usart.o(.text)
    USART_WakeUpConfig                       0x0800893f   Thumb Code    16  stm32f10x_usart.o(.text)
    USART_ReceiverWakeUpCmd                  0x0800894f   Thumb Code    18  stm32f10x_usart.o(.text)
    USART_LINBreakDetectLengthConfig         0x08008961   Thumb Code    16  stm32f10x_usart.o(.text)
    USART_LINCmd                             0x08008971   Thumb Code    18  stm32f10x_usart.o(.text)
    USART_SendData                           0x08008983   Thumb Code     8  stm32f10x_usart.o(.text)
    USART_ReceiveData                        0x0800898b   Thumb Code     8  stm32f10x_usart.o(.text)
    USART_SendBreak                          0x08008993   Thumb Code    10  stm32f10x_usart.o(.text)
    USART_SetGuardTime                       0x0800899d   Thumb Code    16  stm32f10x_usart.o(.text)
    USART_SetPrescaler                       0x080089ad   Thumb Code    16  stm32f10x_usart.o(.text)
    USART_SmartCardCmd                       0x080089bd   Thumb Code    18  stm32f10x_usart.o(.text)
    USART_SmartCardNACKCmd                   0x080089cf   Thumb Code    18  stm32f10x_usart.o(.text)
    USART_HalfDuplexCmd                      0x080089e1   Thumb Code    18  stm32f10x_usart.o(.text)
    USART_OverSampling8Cmd                   0x080089f3   Thumb Code    18  stm32f10x_usart.o(.text)
    USART_OneBitMethodCmd                    0x08008a05   Thumb Code    18  stm32f10x_usart.o(.text)
    USART_IrDAConfig                         0x08008a17   Thumb Code    16  stm32f10x_usart.o(.text)
    USART_IrDACmd                            0x08008a27   Thumb Code    18  stm32f10x_usart.o(.text)
    USART_GetFlagStatus                      0x08008a39   Thumb Code    14  stm32f10x_usart.o(.text)
    USART_ClearFlag                          0x08008a47   Thumb Code     6  stm32f10x_usart.o(.text)
    USART_GetITStatus                        0x08008a4d   Thumb Code    66  stm32f10x_usart.o(.text)
    USART_ClearITPendingBit                  0x08008a8f   Thumb Code    14  stm32f10x_usart.o(.text)
    NVIC_PriorityGroupConfig                 0x08008aa1   Thumb Code    14  misc.o(.text)
    NVIC_Init                                0x08008aaf   Thumb Code   114  misc.o(.text)
    NVIC_SetVectorTable                      0x08008b21   Thumb Code    16  misc.o(.text)
    NVIC_SystemLPConfig                      0x08008b31   Thumb Code    18  misc.o(.text)
    SysTick_CLKSourceConfig                  0x08008b43   Thumb Code    22  misc.o(.text)
    SPI_I2S_DeInit                           0x08008b65   Thumb Code    92  stm32f10x_spi.o(.text)
    SPI_Init                                 0x08008bc1   Thumb Code    84  stm32f10x_spi.o(.text)
    I2S_Init                                 0x08008c15   Thumb Code   172  stm32f10x_spi.o(.text)
    SPI_StructInit                           0x08008cc1   Thumb Code    24  stm32f10x_spi.o(.text)
    I2S_StructInit                           0x08008cd9   Thumb Code    18  stm32f10x_spi.o(.text)
    SPI_Cmd                                  0x08008ceb   Thumb Code    18  stm32f10x_spi.o(.text)
    I2S_Cmd                                  0x08008cfd   Thumb Code    18  stm32f10x_spi.o(.text)
    SPI_I2S_ITConfig                         0x08008d0f   Thumb Code    26  stm32f10x_spi.o(.text)
    SPI_I2S_DMACmd                           0x08008d29   Thumb Code    16  stm32f10x_spi.o(.text)
    SPI_I2S_SendData                         0x08008d39   Thumb Code     4  stm32f10x_spi.o(.text)
    SPI_I2S_ReceiveData                      0x08008d3d   Thumb Code     4  stm32f10x_spi.o(.text)
    SPI_NSSInternalSoftwareConfig            0x08008d41   Thumb Code    22  stm32f10x_spi.o(.text)
    SPI_SSOutputCmd                          0x08008d57   Thumb Code    18  stm32f10x_spi.o(.text)
    SPI_DataSizeConfig                       0x08008d69   Thumb Code    16  stm32f10x_spi.o(.text)
    SPI_TransmitCRC                          0x08008d79   Thumb Code    10  stm32f10x_spi.o(.text)
    SPI_CalculateCRC                         0x08008d83   Thumb Code    18  stm32f10x_spi.o(.text)
    SPI_GetCRC                               0x08008d95   Thumb Code    10  stm32f10x_spi.o(.text)
    SPI_GetCRCPolynomial                     0x08008d9f   Thumb Code     4  stm32f10x_spi.o(.text)
    SPI_BiDirectionalLineConfig              0x08008da3   Thumb Code    20  stm32f10x_spi.o(.text)
    SPI_I2S_GetFlagStatus                    0x08008db7   Thumb Code    14  stm32f10x_spi.o(.text)
    SPI_I2S_ClearFlag                        0x08008dc5   Thumb Code     6  stm32f10x_spi.o(.text)
    SPI_I2S_GetITStatus                      0x08008dcb   Thumb Code    46  stm32f10x_spi.o(.text)
    SPI_I2S_ClearITPendingBit                0x08008df9   Thumb Code    16  stm32f10x_spi.o(.text)
    TIM_DeInit                               0x08008e0d   Thumb Code   482  stm32f10x_tim.o(.text)
    TIM_TimeBaseInit                         0x08008fef   Thumb Code   148  stm32f10x_tim.o(.text)
    TIM_OC1Init                              0x08009083   Thumb Code   132  stm32f10x_tim.o(.text)
    TIM_OC2Init                              0x08009107   Thumb Code   134  stm32f10x_tim.o(.text)
    TIM_OC3Init                              0x0800918d   Thumb Code   132  stm32f10x_tim.o(.text)
    TIM_OC4Init                              0x08009211   Thumb Code   106  stm32f10x_tim.o(.text)
    TIM_SetIC4Prescaler                      0x0800927b   Thumb Code    24  stm32f10x_tim.o(.text)
    TIM_SetIC3Prescaler                      0x08009293   Thumb Code    16  stm32f10x_tim.o(.text)
    TIM_SetIC2Prescaler                      0x080092a3   Thumb Code    24  stm32f10x_tim.o(.text)
    TIM_SetIC1Prescaler                      0x08009337   Thumb Code    16  stm32f10x_tim.o(.text)
    TIM_ICInit                               0x08009347   Thumb Code   326  stm32f10x_tim.o(.text)
    TIM_PWMIConfig                           0x0800948d   Thumb Code   158  stm32f10x_tim.o(.text)
    TIM_BDTRConfig                           0x0800952b   Thumb Code    36  stm32f10x_tim.o(.text)
    TIM_TimeBaseStructInit                   0x0800954f   Thumb Code    18  stm32f10x_tim.o(.text)
    TIM_OCStructInit                         0x08009561   Thumb Code    20  stm32f10x_tim.o(.text)
    TIM_ICStructInit                         0x08009575   Thumb Code    16  stm32f10x_tim.o(.text)
    TIM_BDTRStructInit                       0x08009585   Thumb Code    18  stm32f10x_tim.o(.text)
    TIM_Cmd                                  0x08009597   Thumb Code    18  stm32f10x_tim.o(.text)
    TIM_CtrlPWMOutputs                       0x080095a9   Thumb Code    22  stm32f10x_tim.o(.text)
    TIM_ITConfig                             0x080095bf   Thumb Code    16  stm32f10x_tim.o(.text)
    TIM_GenerateEvent                        0x080095cf   Thumb Code     4  stm32f10x_tim.o(.text)
    TIM_DMAConfig                            0x080095d3   Thumb Code     8  stm32f10x_tim.o(.text)
    TIM_DMACmd                               0x080095db   Thumb Code    16  stm32f10x_tim.o(.text)
    TIM_InternalClockConfig                  0x080095eb   Thumb Code    10  stm32f10x_tim.o(.text)
    TIM_SelectInputTrigger                   0x080095f5   Thumb Code    12  stm32f10x_tim.o(.text)
    TIM_ITRxExternalClockConfig              0x08009601   Thumb Code    20  stm32f10x_tim.o(.text)
    TIM_TIxExternalClockConfig               0x08009615   Thumb Code    48  stm32f10x_tim.o(.text)
    TIM_ETRConfig                            0x08009645   Thumb Code    32  stm32f10x_tim.o(.text)
    TIM_ETRClockMode1Config                  0x08009665   Thumb Code    40  stm32f10x_tim.o(.text)
    TIM_ETRClockMode2Config                  0x0800968d   Thumb Code    40  stm32f10x_tim.o(.text)
    TIM_PrescalerConfig                      0x080096b5   Thumb Code     6  stm32f10x_tim.o(.text)
    TIM_CounterModeConfig                    0x080096bb   Thumb Code    12  stm32f10x_tim.o(.text)
    TIM_EncoderInterfaceConfig               0x080096c7   Thumb Code    60  stm32f10x_tim.o(.text)
    TIM_ForcedOC1Config                      0x08009703   Thumb Code    12  stm32f10x_tim.o(.text)
    TIM_ForcedOC2Config                      0x0800970f   Thumb Code    20  stm32f10x_tim.o(.text)
    TIM_ForcedOC3Config                      0x08009723   Thumb Code    12  stm32f10x_tim.o(.text)
    TIM_ForcedOC4Config                      0x0800972f   Thumb Code    20  stm32f10x_tim.o(.text)
    TIM_ARRPreloadConfig                     0x08009743   Thumb Code    18  stm32f10x_tim.o(.text)
    TIM_SelectCOM                            0x08009755   Thumb Code    18  stm32f10x_tim.o(.text)
    TIM_SelectCCDMA                          0x08009767   Thumb Code    18  stm32f10x_tim.o(.text)
    TIM_CCPreloadControl                     0x08009779   Thumb Code    18  stm32f10x_tim.o(.text)
    TIM_OC1PreloadConfig                     0x0800978b   Thumb Code    12  stm32f10x_tim.o(.text)
    TIM_OC2PreloadConfig                     0x08009797   Thumb Code    20  stm32f10x_tim.o(.text)
    TIM_OC3PreloadConfig                     0x080097ab   Thumb Code    12  stm32f10x_tim.o(.text)
    TIM_OC4PreloadConfig                     0x080097b7   Thumb Code    20  stm32f10x_tim.o(.text)
    TIM_OC1FastConfig                        0x080097cb   Thumb Code    12  stm32f10x_tim.o(.text)
    TIM_OC2FastConfig                        0x080097d7   Thumb Code    20  stm32f10x_tim.o(.text)
    TIM_OC3FastConfig                        0x080097eb   Thumb Code    12  stm32f10x_tim.o(.text)
    TIM_OC4FastConfig                        0x080097f7   Thumb Code    20  stm32f10x_tim.o(.text)
    TIM_ClearOC1Ref                          0x0800980b   Thumb Code    12  stm32f10x_tim.o(.text)
    TIM_ClearOC2Ref                          0x08009817   Thumb Code    20  stm32f10x_tim.o(.text)
    TIM_ClearOC3Ref                          0x0800982b   Thumb Code    12  stm32f10x_tim.o(.text)
    TIM_ClearOC4Ref                          0x08009837   Thumb Code    20  stm32f10x_tim.o(.text)
    TIM_OC1PolarityConfig                    0x0800984b   Thumb Code    12  stm32f10x_tim.o(.text)
    TIM_OC1NPolarityConfig                   0x08009857   Thumb Code    12  stm32f10x_tim.o(.text)
    TIM_OC2PolarityConfig                    0x08009863   Thumb Code    20  stm32f10x_tim.o(.text)
    TIM_OC2NPolarityConfig                   0x08009877   Thumb Code    20  stm32f10x_tim.o(.text)
    TIM_OC3PolarityConfig                    0x0800988b   Thumb Code    20  stm32f10x_tim.o(.text)
    TIM_OC3NPolarityConfig                   0x0800989f   Thumb Code    20  stm32f10x_tim.o(.text)
    TIM_OC4PolarityConfig                    0x080098b3   Thumb Code    20  stm32f10x_tim.o(.text)
    TIM_CCxCmd                               0x080098c7   Thumb Code    26  stm32f10x_tim.o(.text)
    TIM_CCxNCmd                              0x080098e1   Thumb Code    26  stm32f10x_tim.o(.text)
    TIM_SelectOCxM                           0x080098fb   Thumb Code    88  stm32f10x_tim.o(.text)
    TIM_UpdateDisableConfig                  0x08009953   Thumb Code    18  stm32f10x_tim.o(.text)
    TIM_UpdateRequestConfig                  0x08009965   Thumb Code    18  stm32f10x_tim.o(.text)
    TIM_SelectHallSensor                     0x08009977   Thumb Code    18  stm32f10x_tim.o(.text)
    TIM_SelectOnePulseMode                   0x08009989   Thumb Code    16  stm32f10x_tim.o(.text)
    TIM_SelectOutputTrigger                  0x08009999   Thumb Code    16  stm32f10x_tim.o(.text)
    TIM_SelectSlaveMode                      0x080099a9   Thumb Code    16  stm32f10x_tim.o(.text)
    TIM_SelectMasterSlaveMode                0x080099b9   Thumb Code    16  stm32f10x_tim.o(.text)
    TIM_SetCounter                           0x080099c9   Thumb Code     4  stm32f10x_tim.o(.text)
    TIM_SetAutoreload                        0x080099cd   Thumb Code     4  stm32f10x_tim.o(.text)
    TIM_SetCompare1                          0x080099d1   Thumb Code     4  stm32f10x_tim.o(.text)
    TIM_SetCompare2                          0x080099d5   Thumb Code     4  stm32f10x_tim.o(.text)
    TIM_SetCompare3                          0x080099d9   Thumb Code     4  stm32f10x_tim.o(.text)
    TIM_SetCompare4                          0x080099dd   Thumb Code     6  stm32f10x_tim.o(.text)
    TIM_SetClockDivision                     0x080099e3   Thumb Code    16  stm32f10x_tim.o(.text)
    TIM_GetCapture1                          0x080099f3   Thumb Code     4  stm32f10x_tim.o(.text)
    TIM_GetCapture2                          0x080099f7   Thumb Code     4  stm32f10x_tim.o(.text)
    TIM_GetCapture3                          0x080099fb   Thumb Code     4  stm32f10x_tim.o(.text)
    TIM_GetCapture4                          0x080099ff   Thumb Code     6  stm32f10x_tim.o(.text)
    TIM_GetCounter                           0x08009a05   Thumb Code     4  stm32f10x_tim.o(.text)
    TIM_GetPrescaler                         0x08009a09   Thumb Code     4  stm32f10x_tim.o(.text)
    TIM_GetFlagStatus                        0x08009a0d   Thumb Code    14  stm32f10x_tim.o(.text)
    TIM_ClearFlag                            0x08009a1b   Thumb Code     6  stm32f10x_tim.o(.text)
    TIM_GetITStatus                          0x08009a21   Thumb Code    22  stm32f10x_tim.o(.text)
    TIM_ClearITPendingBit                    0x08009a37   Thumb Code     6  stm32f10x_tim.o(.text)
    DMA_DeInit                               0x08009ab9   Thumb Code   206  stm32f10x_dma.o(.text)
    DMA_Init                                 0x08009b87   Thumb Code    82  stm32f10x_dma.o(.text)
    DMA_StructInit                           0x08009bd9   Thumb Code    26  stm32f10x_dma.o(.text)
    DMA_Cmd                                  0x08009bf3   Thumb Code    20  stm32f10x_dma.o(.text)
    DMA_ITConfig                             0x08009c07   Thumb Code    16  stm32f10x_dma.o(.text)
    DMA_SetCurrDataCounter                   0x08009c17   Thumb Code     4  stm32f10x_dma.o(.text)
    DMA_GetCurrDataCounter                   0x08009c1b   Thumb Code     6  stm32f10x_dma.o(.text)
    DMA_GetFlagStatus                        0x08009c21   Thumb Code    24  stm32f10x_dma.o(.text)
    DMA_ClearFlag                            0x08009c39   Thumb Code    16  stm32f10x_dma.o(.text)
    DMA_GetITStatus                          0x08009c49   Thumb Code    24  stm32f10x_dma.o(.text)
    DMA_ClearITPendingBit                    0x08009c61   Thumb Code    16  stm32f10x_dma.o(.text)
    mymemcpy                                 0x08009cad   Thumb Code    20  malloc.o(.text)
    mymemset                                 0x08009cc1   Thumb Code    16  malloc.o(.text)
    mem_init                                 0x08009cd1   Thumb Code    40  malloc.o(.text)
    mem_perused                              0x08009cf9   Thumb Code    42  malloc.o(.text)
    mem_malloc                               0x08009d23   Thumb Code    94  malloc.o(.text)
    mem_free                                 0x08009d81   Thumb Code    64  malloc.o(.text)
    myfree                                   0x08009dc1   Thumb Code    74  malloc.o(.text)
    mymalloc                                 0x08009e0b   Thumb Code    24  malloc.o(.text)
    myrealloc                                0x08009e23   Thumb Code   114  malloc.o(.text)
    exfuns_init                              0x08009e99   Thumb Code    94  exfuns.o(.text)
    char_upper                               0x08009ef7   Thumb Code    12  exfuns.o(.text)
    f_typetell                               0x08009f03   Thumb Code   150  exfuns.o(.text)
    exf_getfree                              0x08009f99   Thumb Code    58  exfuns.o(.text)
    disk_initialize                          0x08009fdd   Thumb Code    80  diskio.o(.text)
    disk_status                              0x0800a02d   Thumb Code     4  diskio.o(.text)
    disk_read                                0x0800a031   Thumb Code    80  diskio.o(.text)
    disk_write                               0x0800a081   Thumb Code    66  diskio.o(.text)
    disk_ioctl                               0x0800a0c3   Thumb Code   104  diskio.o(.text)
    get_fattime                              0x0800a12b   Thumb Code     4  diskio.o(.text)
    ff_memalloc                              0x0800a12f   Thumb Code     4  diskio.o(.text)
    ff_memfree                               0x0800a133   Thumb Code     4  diskio.o(.text)
    clust2sect                               0x0800a249   Thumb Code    24  ff.o(.text)
    get_fat                                  0x0800a261   Thumb Code   190  ff.o(.text)
    put_fat                                  0x0800a31f   Thumb Code   254  ff.o(.text)
    f_mount                                  0x0800b209   Thumb Code    78  ff.o(.text)
    f_open                                   0x0800b257   Thumb Code   388  ff.o(.text)
    f_read                                   0x0800b3db   Thumb Code   440  ff.o(.text)
    f_write                                  0x0800b593   Thumb Code   514  ff.o(.text)
    f_sync                                   0x0800b795   Thumb Code   168  ff.o(.text)
    f_close                                  0x0800b83d   Thumb Code    30  ff.o(.text)
    f_lseek                                  0x0800b85b   Thumb Code   594  ff.o(.text)
    f_opendir                                0x0800baad   Thumb Code   140  ff.o(.text)
    f_closedir                               0x0800bb39   Thumb Code    18  ff.o(.text)
    f_readdir                                0x0800bb4b   Thumb Code   128  ff.o(.text)
    f_stat                                   0x0800bbcb   Thumb Code    88  ff.o(.text)
    f_getfree                                0x0800bc23   Thumb Code   204  ff.o(.text)
    f_truncate                               0x0800bcef   Thumb Code   182  ff.o(.text)
    f_unlink                                 0x0800bda5   Thumb Code   202  ff.o(.text)
    f_mkdir                                  0x0800be6f   Thumb Code   438  ff.o(.text)
    f_chmod                                  0x0800c025   Thumb Code   112  ff.o(.text)
    f_utime                                  0x0800c095   Thumb Code   112  ff.o(.text)
    f_rename                                 0x0800c105   Thumb Code   312  ff.o(.text)
    f_getlabel                               0x0800c23d   Thumb Code   144  ff.o(.text)
    f_setlabel                               0x0800c2cd   Thumb Code   474  ff.o(.text)
    f_mkfs                                   0x0800c4a7   Thumb Code  1384  ff.o(.text)
    f_gets                                   0x0800ca0f   Thumb Code    74  ff.o(.text)
    f_putc                                   0x0800ca59   Thumb Code    62  ff.o(.text)
    f_puts                                   0x0800ca97   Thumb Code   120  ff.o(.text)
    f_printf                                 0x0800cb0f   Thumb Code  1022  ff.o(.text)
    ff_convert                               0x0800d091   Thumb Code   116  mycc936.o(.text)
    ff_wtoupper                              0x0800d105   Thumb Code    30  mycc936.o(.text)
    fupd_prog                                0x0800d131   Thumb Code   114  fontupd.o(.text)
    updata_fontx                             0x0800d1a3   Thumb Code   354  fontupd.o(.text)
    update_font                              0x0800d305   Thumb Code   278  fontupd.o(.text)
    font_init                                0x0800d41b   Thumb Code    30  fontupd.o(.text)
    Get_HzMat                                0x0800d4b1   Thumb Code   172  text.o(.text)
    Show_Font                                0x0800d55d   Thumb Code   178  text.o(.text)
    Show_Str                                 0x0800d60f   Thumb Code   376  text.o(.text)
    Show_Str_Mid                             0x0800d787   Thumb Code    86  text.o(.text)
    usmart_sys_cmd_exe                       0x0800d7ed   Thumb Code  1468  usmart.o(.text)
    usmart_reset_runtime                     0x0800dda9   Thumb Code    30  usmart.o(.text)
    usmart_get_runtime                       0x0800ddc7   Thumb Code    38  usmart.o(.text)
    TIM2_IRQHandler                          0x0800dded   Thumb Code    40  usmart.o(.text)
    Timer2_Init                              0x0800de15   Thumb Code    64  usmart.o(.text)
    usmart_init                              0x0800de55   Thumb Code    88  usmart.o(.text)
    usmart_cmd_rec                           0x0800dead   Thumb Code   170  usmart.o(.text)
    usmart_exe                               0x0800df57   Thumb Code   848  usmart.o(.text)
    usmart_scan                              0x0800e2a7   Thumb Code   102  usmart.o(.text)
    read_addr                                0x0800e30d   Thumb Code     4  usmart.o(.text)
    write_addr                               0x0800e311   Thumb Code     4  usmart.o(.text)
    usmart_strcmp                            0x0800e395   Thumb Code    26  usmart_str.o(.text)
    usmart_strcopy                           0x0800e3af   Thumb Code    18  usmart_str.o(.text)
    usmart_strlen                            0x0800e3c1   Thumb Code    18  usmart_str.o(.text)
    usmart_pow                               0x0800e3d3   Thumb Code    22  usmart_str.o(.text)
    usmart_str2num                           0x0800e3e9   Thumb Code   190  usmart_str.o(.text)
    usmart_get_cmdname                       0x0800e4a7   Thumb Code    64  usmart_str.o(.text)
    usmart_search_nextc                      0x0800e4e7   Thumb Code    20  usmart_str.o(.text)
    usmart_get_fname                         0x0800e4fb   Thumb Code   424  usmart_str.o(.text)
    usmart_get_aparm                         0x0800e6a3   Thumb Code   164  usmart_str.o(.text)
    usmart_get_parmpos                       0x0800e747   Thumb Code    36  usmart_str.o(.text)
    usmart_get_fparam                        0x0800e76b   Thumb Code   458  usmart_str.o(.text)
    sim_at_response                          0x0800e941   Thumb Code    40  sim800c.o(.text)
    sim800c_check_cmd                        0x0800e969   Thumb Code    36  sim800c.o(.text)
    sim800c_send_cmd                         0x0800e98d   Thumb Code   186  sim800c.o(.text)
    sim800c_wait_request                     0x0800ea47   Thumb Code   110  sim800c.o(.text)
    sim800c_chr2hex                          0x0800eab5   Thumb Code    42  sim800c.o(.text)
    sim800c_hex2chr                          0x0800eadf   Thumb Code    26  sim800c.o(.text)
    sim800c_unigbk_exchange                  0x0800eaf9   Thumb Code   418  sim800c.o(.text)
    sim800c_load_keyboard                    0x0800ec9b   Thumb Code   316  sim800c.o(.text)
    sim800c_key_staset                       0x0800edd7   Thumb Code   212  sim800c.o(.text)
    sim800c_get_keynum                       0x0800eeab   Thumb Code   194  sim800c.o(.text)
    sim800c_call_test                        0x0800ef6d   Thumb Code  1440  sim800c.o(.text)
    sim800c_sms_read_test                    0x0800f50d   Thumb Code  1284  sim800c.o(.text)
    sim800c_sms_send_test                    0x0800fa11   Thumb Code   860  sim800c.o(.text)
    sim800c_sms_ui                           0x0800fd6d   Thumb Code    74  sim800c.o(.text)
    sim800c_sms_test                         0x0800fdb7   Thumb Code   244  sim800c.o(.text)
    sim800c_tcpudp_test                      0x0800feab   Thumb Code  1552  sim800c.o(.text)
    sim800c_gprs_ui                          0x080104bb   Thumb Code   148  sim800c.o(.text)
    sim800c_gprs_test                        0x0801054f   Thumb Code   896  sim800c.o(.text)
    sim800c_spp_ui                           0x080108cf   Thumb Code    76  sim800c.o(.text)
    sim800c_spp_mode                         0x0801091b   Thumb Code  1574  sim800c.o(.text)
    sim800c_spp_test                         0x08010f41   Thumb Code   374  sim800c.o(.text)
    sim800c_GB_ui                            0x080110b7   Thumb Code    66  sim800c.o(.text)
    sim800c_GB_test                          0x080110f9   Thumb Code   442  sim800c.o(.text)
    sim800c_mtest_ui                         0x080112b3   Thumb Code   386  sim800c.o(.text)
    sim800c_gsminfo_show                     0x08011435   Thumb Code   422  sim800c.o(.text)
    ntp_update                               0x080115db   Thumb Code    74  sim800c.o(.text)
    sim800c_test                             0x08011625   Thumb Code   722  sim800c.o(.text)
    __use_no_semihosting                     0x08011919   Thumb Code     2  use_no_semi_2.o(.text)
    __c89vsprintf                            0x0801191d   Thumb Code    32  c89vsprintf.o(.text)
    __2printf                                0x08011941   Thumb Code    20  __2printf.o(.text)
    __2sprintf                               0x08011959   Thumb Code    38  __2sprintf.o(.text)
    _printf_pre_padding                      0x08011985   Thumb Code    44  _printf_pad.o(.text)
    _printf_post_padding                     0x080119b1   Thumb Code    34  _printf_pad.o(.text)
    _printf_str                              0x080119d3   Thumb Code    82  _printf_str.o(.text)
    _printf_int_dec                          0x08011a25   Thumb Code   104  _printf_dec.o(.text)
    _printf_longlong_hex                     0x08011a9d   Thumb Code    86  _printf_hex_int_ll_ptr.o(.text)
    _printf_int_hex                          0x08011af3   Thumb Code    28  _printf_hex_int_ll_ptr.o(.text)
    _printf_ll_hex                           0x08011b0f   Thumb Code    12  _printf_hex_int_ll_ptr.o(.text)
    _printf_hex_ptr                          0x08011b1b   Thumb Code    18  _printf_hex_int_ll_ptr.o(.text)
    __printf                                 0x08011b31   Thumb Code   388  __printf_flags_ss_wp.o(.text)
    strstr                                   0x08011cb9   Thumb Code    36  strstr.o(.text)
    strcpy                                   0x08011cdd   Thumb Code    72  strcpy.o(.text)
    strlen                                   0x08011d25   Thumb Code    62  strlen.o(.text)
    strcmp                                   0x08011d65   Thumb Code   128  strcmpv7m.o(.text)
    __use_two_region_memory                  0x08011de5   Thumb Code     2  heapauxi.o(.text)
    __rt_heap_escrow$2region                 0x08011de7   Thumb Code     2  heapauxi.o(.text)
    __rt_heap_expand$2region                 0x08011de9   Thumb Code     2  heapauxi.o(.text)
    __I$use$semihosting                      0x08011deb   Thumb Code     0  use_no_semi.o(.text)
    __use_no_semihosting_swi                 0x08011deb   Thumb Code     2  use_no_semi.o(.text)
    __read_errno                             0x08011ded   Thumb Code    10  _rserrno.o(.text)
    __set_errno                              0x08011df7   Thumb Code    12  _rserrno.o(.text)
    _printf_truncate_signed                  0x08011e03   Thumb Code    18  _printf_truncate.o(.text)
    _printf_truncate_unsigned                0x08011e15   Thumb Code    18  _printf_truncate.o(.text)
    _printf_int_common                       0x08011e27   Thumb Code   178  _printf_intcommon.o(.text)
    _printf_charcount                        0x08011ed9   Thumb Code    40  _printf_charcount.o(.text)
    _printf_char_common                      0x08011f0b   Thumb Code    32  _printf_char_common.o(.text)
    _sputc                                   0x08011f31   Thumb Code    10  _sputc.o(.text)
    _printf_cs_common                        0x08011f3b   Thumb Code    20  _printf_char.o(.text)
    _printf_char                             0x08011f4f   Thumb Code    16  _printf_char.o(.text)
    _printf_string                           0x08011f5f   Thumb Code     8  _printf_char.o(.text)
    _printf_char_file                        0x08011f69   Thumb Code    32  _printf_char_file.o(.text)
    _printf_wctomb                           0x08011f8d   Thumb Code   182  _printf_wctomb.o(.text)
    _printf_longlong_dec                     0x08012049   Thumb Code   108  _printf_longlong_dec.o(.text)
    _printf_longlong_oct                     0x080120c5   Thumb Code    68  _printf_oct_int_ll.o(.text)
    _printf_int_oct                          0x08012109   Thumb Code    24  _printf_oct_int_ll.o(.text)
    _printf_ll_oct                           0x08012121   Thumb Code    12  _printf_oct_int_ll.o(.text)
    __aeabi_errno_addr                       0x08012135   Thumb Code     8  rt_errno_addr_intlibspace.o(.text)
    __errno$intlibspace                      0x08012135   Thumb Code     0  rt_errno_addr_intlibspace.o(.text)
    __rt_errno_addr$intlibspace              0x08012135   Thumb Code     0  rt_errno_addr_intlibspace.o(.text)
    _ll_udiv10                               0x0801213d   Thumb Code   138  lludiv10.o(.text)
    __lib_sel_fp_printf                      0x080121c7   Thumb Code     2  _printf_fp_dec.o(.text)
    _printf_fp_dec_real                      0x08012375   Thumb Code   620  _printf_fp_dec.o(.text)
    _printf_lcs_common                       0x080125e1   Thumb Code    20  _printf_wchar.o(.text)
    _printf_wchar                            0x080125f5   Thumb Code    16  _printf_wchar.o(.text)
    _printf_wstring                          0x08012605   Thumb Code     8  _printf_wchar.o(.text)
    ferror                                   0x0801260d   Thumb Code     8  ferror.o(.text)
    _wcrtomb                                 0x08012615   Thumb Code    64  _wcrtomb.o(.text)
    __user_libspace                          0x08012655   Thumb Code     8  libspace.o(.text)
    __user_perproc_libspace                  0x08012655   Thumb Code     0  libspace.o(.text)
    __user_perthread_libspace                0x08012655   Thumb Code     0  libspace.o(.text)
    __user_setup_stackheap                   0x0801265d   Thumb Code    74  sys_stackheap_outer.o(.text)
    __rt_ctype_table                         0x080126a9   Thumb Code    16  rt_ctype_table.o(.text)
    __rt_locale                              0x080126b9   Thumb Code     8  rt_locale_intlibspace.o(.text)
    _printf_fp_infnan                        0x080126c1   Thumb Code   112  _printf_fp_infnan.o(.text)
    _btod_etento                             0x08012741   Thumb Code   216  bigflt0.o(.text)
    exit                                     0x0801281d   Thumb Code    12  exit.o(.text)
    _btod_d2e                                0x08012829   Thumb Code    62  btod.o(CL$$btod_d2e)
    _d2e_denorm_low                          0x08012867   Thumb Code    70  btod.o(CL$$btod_d2e_denorm_low)
    _d2e_norm_op1                            0x080128ad   Thumb Code    96  btod.o(CL$$btod_d2e_norm_op1)
    __btod_div_common                        0x0801290d   Thumb Code   696  btod.o(CL$$btod_div_common)
    _e2e                                     0x08012c45   Thumb Code   198  btod.o(CL$$btod_e2e)
    _btod_ediv                               0x08012d0b   Thumb Code    40  btod.o(CL$$btod_ediv)
    _btod_emul                               0x08012d33   Thumb Code    40  btod.o(CL$$btod_emul)
    __btod_mult_common                       0x08012d5b   Thumb Code   580  btod.o(CL$$btod_mult_common)
    __ARM_fpclassify                         0x08012f9f   Thumb Code    40  fpclassify.o(i.__ARM_fpclassify)
    _is_digit                                0x08012fc7   Thumb Code    14  __printf_wp.o(i._is_digit)
    sqrt                                     0x08012fd5   Thumb Code    76  sqrt.o(i.sqrt)
    _get_lc_numeric                          0x08013021   Thumb Code    44  lc_numeric_c.o(locale$$code)
    _get_lc_ctype                            0x0801304d   Thumb Code    44  lc_ctype_c.o(locale$$code)
    __aeabi_dadd                             0x08013079   Thumb Code     0  daddsub_clz.o(x$fpl$dadd)
    _dadd                                    0x08013079   Thumb Code   332  daddsub_clz.o(x$fpl$dadd)
    __aeabi_d2uiz                            0x080131c9   Thumb Code     0  dfixu.o(x$fpl$dfixu)
    _dfixu                                   0x080131c9   Thumb Code    90  dfixu.o(x$fpl$dfixu)
    __aeabi_ui2d                             0x08013223   Thumb Code     0  dflt_clz.o(x$fpl$dfltu)
    _dfltu                                   0x08013223   Thumb Code    38  dflt_clz.o(x$fpl$dfltu)
    __aeabi_dmul                             0x08013249   Thumb Code     0  dmul.o(x$fpl$dmul)
    _dmul                                    0x08013249   Thumb Code   332  dmul.o(x$fpl$dmul)
    __fpl_dnaninf                            0x0801339d   Thumb Code   156  dnaninf.o(x$fpl$dnaninf)
    __fpl_dretinf                            0x08013439   Thumb Code    12  dretinf.o(x$fpl$dretinf)
    __aeabi_drsub                            0x08013445   Thumb Code     0  daddsub_clz.o(x$fpl$drsb)
    _drsb                                    0x08013445   Thumb Code    22  daddsub_clz.o(x$fpl$drsb)
    _dsqrt                                   0x0801345d   Thumb Code   456  dsqrt_noumaal.o(x$fpl$dsqrt)
    __aeabi_dsub                             0x08013629   Thumb Code     0  daddsub_clz.o(x$fpl$dsub)
    _dsub                                    0x08013629   Thumb Code   464  daddsub_clz.o(x$fpl$dsub)
    __aeabi_fadd                             0x080137fd   Thumb Code     0  faddsub_clz.o(x$fpl$fadd)
    _fadd                                    0x080137fd   Thumb Code   196  faddsub_clz.o(x$fpl$fadd)
    __fpl_fcheck_NaN1                        0x080138c1   Thumb Code     6  fcheck1.o(x$fpl$fcheck1)
    __fpl_fcmp_Inf                           0x080138cd   Thumb Code    24  fcmpi.o(x$fpl$fcmpinf)
    __aeabi_fdiv                             0x080138e5   Thumb Code     0  fdiv.o(x$fpl$fdiv)
    _fdiv                                    0x080138e5   Thumb Code   384  fdiv.o(x$fpl$fdiv)
    __aeabi_cfcmpeq                          0x08013a69   Thumb Code     0  feqf.o(x$fpl$feqf)
    _fcmpeq                                  0x08013a69   Thumb Code   104  feqf.o(x$fpl$feqf)
    __aeabi_f2iz                             0x08013ad1   Thumb Code     0  ffix.o(x$fpl$ffix)
    _ffix                                    0x08013ad1   Thumb Code    54  ffix.o(x$fpl$ffix)
    __aeabi_f2uiz                            0x08013b09   Thumb Code     0  ffixu.o(x$fpl$ffixu)
    _ffixu                                   0x08013b09   Thumb Code    62  ffixu.o(x$fpl$ffixu)
    __aeabi_i2f                              0x08013b49   Thumb Code     0  fflt_clz.o(x$fpl$fflt)
    _fflt                                    0x08013b49   Thumb Code    48  fflt_clz.o(x$fpl$fflt)
    __aeabi_ui2f                             0x08013b79   Thumb Code     0  fflt_clz.o(x$fpl$ffltu)
    _ffltu                                   0x08013b79   Thumb Code    38  fflt_clz.o(x$fpl$ffltu)
    __aeabi_fmul                             0x08013ba1   Thumb Code     0  fmul.o(x$fpl$fmul)
    _fmul                                    0x08013ba1   Thumb Code   258  fmul.o(x$fpl$fmul)
    __fpl_fnaninf                            0x08013ca3   Thumb Code   140  fnaninf.o(x$fpl$fnaninf)
    __fpl_fretinf                            0x08013d2f   Thumb Code    10  fretinf.o(x$fpl$fretinf)
    __aeabi_fsub                             0x08013d39   Thumb Code     0  faddsub_clz.o(x$fpl$fsub)
    _fsub                                    0x08013d39   Thumb Code   234  faddsub_clz.o(x$fpl$fsub)
    _printf_fp_dec                           0x08013e23   Thumb Code     4  printf1.o(x$fpl$printf1)
    __fpl_return_NaN                         0x08013e27   Thumb Code   100  retnan.o(x$fpl$retnan)
    __ARM_scalbnf                            0x08013e8b   Thumb Code    76  scalbnf.o(x$fpl$scalbnf)
    __fpl_cmpreturn                          0x08013ed7   Thumb Code    48  trapv.o(x$fpl$trapveneer)
    __I$use$fp                               0x08013f06   Number         0  usenofp.o(x$fpl$usenofp)
    asc2_1206                                0x08013f06   Data        1140  lcd.o(.constdata)
    asc2_1608                                0x0801437a   Data        1520  lcd.o(.constdata)
    asc2_2412                                0x0801496a   Data        3420  lcd.o(.constdata)
    TP_ADJDIS_TBL                            0x080156c6   Data          12  touch.o(.constdata)
    OTT_TPX_TBL                              0x080156d2   Data          10  ott2001a.o(.constdata)
    Region$$Table$$Base                      0x08015ea0   Number         0  anon$$obj.o(Region$$Table)
    Region$$Table$$Limit                     0x08015ec0   Number         0  anon$$obj.o(Region$$Table)
    __ctype                                  0x08015ee9   Data           0  lc_ctype_c.o(locale$$data)
    SystemCoreClock                          0x20000000   Data           4  system_stm32f10x.o(.data)
    AHBPrescTable                            0x20000004   Data          16  system_stm32f10x.o(.data)
    POINT_COLOR                              0x20000016   Data           2  lcd.o(.data)
    BACK_COLOR                               0x20000018   Data           2  lcd.o(.data)
    SPI_FLASH_TYPE                           0x2000001a   Data           2  flash.o(.data)
    SD_Type                                  0x2000001c   Data           1  mmc_sd.o(.data)
    CMD_RDX                                  0x20000020   Data           1  touch.o(.data)
    CMD_RDY                                  0x20000021   Data           1  touch.o(.data)
    TP_REMIND_MSG_TBL                        0x20000024   Data           4  touch.o(.data)
    tp_dev                                   0x20000028   Data          52  touch.o(.data)
    USART2_RX_STA                            0x20000060   Data           2  usart2.o(.data)
    USART_RX_STA                             0x20000066   Data           2  usart.o(.data)
    __stdout                                 0x20000068   Data           4  usart.o(.data)
    mallco_dev                               0x20000080   Data          20  malloc.o(.data)
    file                                     0x20000094   Data           4  exfuns.o(.data)
    ftemp                                    0x20000098   Data           4  exfuns.o(.data)
    fatbuf                                   0x2000009c   Data           4  exfuns.o(.data)
    fs                                       0x200000a0   Data           8  exfuns.o(.data)
    FILE_TYPE_TBL                            0x200000a8   Data         312  exfuns.o(.data)
    FLASH_SECTOR_COUNT                       0x200001e0   Data           2  diskio.o(.data)
    GBK24_PATH                               0x200001f0   Data           4  fontupd.o(.data)
    GBK16_PATH                               0x200001f4   Data           4  fontupd.o(.data)
    GBK12_PATH                               0x200001f8   Data           4  fontupd.o(.data)
    UNIGBK_PATH                              0x200001fc   Data           4  fontupd.o(.data)
    sys_cmd_tab                              0x20000200   Data          28  usmart.o(.data)
    usmart_nametab                           0x2000021c   Data          40  usmart_config.o(.data)
    usmart_dev                               0x20000244   Data         244  usmart_config.o(.data)
    Scan_Wtime                               0x20000338   Data           1  sim800c.o(.data)
    BT_Scan_mode                             0x20000339   Data           1  sim800c.o(.data)
    sim800c_test_msg                         0x2000033c   Data           4  sim800c.o(.data)
    kbd_tbl                                  0x20000340   Data           4  sim800c.o(.data)
    modetbl                                  0x20000344   Data           8  sim800c.o(.data)
    kbd_fn_tbl                               0x2000034c   Data           8  sim800c.o(.data)
    kbd_tbl1                                 0x20000354   Data          52  sim800c.o(.data)
    kbd_tbl2                                 0x20000388   Data          52  sim800c.o(.data)
    lcddev                                   0x200003bc   Data          14  lcd.o(.bss)
    SPI_InitStructure                        0x200003ca   Data          18  spi.o(.bss)
    USART2_TX_BUF                            0x200003e0   Data        1024  usart2.o(.bss)
    USART2_RX_BUF                            0x200007e0   Data        1024  usart2.o(.bss)
    USART_RX_BUF                             0x20000be0   Data         200  usart.o(.bss)
    membase                                  0x20000ca8   Data       35840  malloc.o(.bss)
    memmapbase                               0x200098a8   Data        2240  malloc.o(.bss)
    ftinfo                                   0x2000a168   Data          33  fontupd.o(.bss)
    __libspace_start                         0x2000a18c   Data          96  libspace.o(.bss)
    __temporary_stack_top$libspace           0x2000a1ec   Data           0  libspace.o(.bss)



==============================================================================

Memory Map of the image

  Image Entry point : 0x08000131

  Load Region LR_IROM1 (Base: 0x08000000, Size: 0x000163a8, Max: 0x00040000, ABSOLUTE, COMPRESSED[0x00016114])

    Execution Region ER_IROM1 (Base: 0x08000000, Size: 0x00015fec, Max: 0x00040000, ABSOLUTE)

    Base Addr    Size         Type   Attr      Idx    E Section Name        Object

    0x08000000   0x00000130   Data   RO          480    RESET               startup_stm32f10x_hd.o
    0x08000130   0x00000008   Code   RO          906  * !!!main             c_w.l(__main.o)
    0x08000138   0x00000034   Code   RO         1251    !!!scatter          c_w.l(__scatter.o)
    0x0800016c   0x0000005a   Code   RO         1249    !!dczerorl2         c_w.l(__dczerorl2.o)
    0x080001c6   0x00000002   PAD
    0x080001c8   0x0000001c   Code   RO         1253    !!handler_zi        c_w.l(__scatter_zi.o)
    0x080001e4   0x00000000   Code   RO          895    .ARM.Collect$$_printf_percent$$00000000  c_w.l(_printf_percent.o)
    0x080001e4   0x00000006   Code   RO          994    .ARM.Collect$$_printf_percent$$00000001  c_w.l(_printf_n.o)
    0x080001ea   0x00000006   Code   RO          995    .ARM.Collect$$_printf_percent$$00000002  c_w.l(_printf_p.o)
    0x080001f0   0x00000006   Code   RO          998    .ARM.Collect$$_printf_percent$$00000003  c_w.l(_printf_f.o)
    0x080001f6   0x00000006   Code   RO          999    .ARM.Collect$$_printf_percent$$00000004  c_w.l(_printf_e.o)
    0x080001fc   0x00000006   Code   RO         1000    .ARM.Collect$$_printf_percent$$00000005  c_w.l(_printf_g.o)
    0x08000202   0x00000006   Code   RO         1001    .ARM.Collect$$_printf_percent$$00000006  c_w.l(_printf_a.o)
    0x08000208   0x0000000a   Code   RO         1006    .ARM.Collect$$_printf_percent$$00000007  c_w.l(_printf_ll.o)
    0x08000212   0x00000006   Code   RO          997    .ARM.Collect$$_printf_percent$$00000008  c_w.l(_printf_i.o)
    0x08000218   0x00000006   Code   RO          893    .ARM.Collect$$_printf_percent$$00000009  c_w.l(_printf_d.o)
    0x0800021e   0x00000006   Code   RO          894    .ARM.Collect$$_printf_percent$$0000000A  c_w.l(_printf_u.o)
    0x08000224   0x00000006   Code   RO          996    .ARM.Collect$$_printf_percent$$0000000B  c_w.l(_printf_o.o)
    0x0800022a   0x00000006   Code   RO          892    .ARM.Collect$$_printf_percent$$0000000C  c_w.l(_printf_x.o)
    0x08000230   0x00000006   Code   RO         1003    .ARM.Collect$$_printf_percent$$0000000D  c_w.l(_printf_lli.o)
    0x08000236   0x00000006   Code   RO         1004    .ARM.Collect$$_printf_percent$$0000000E  c_w.l(_printf_lld.o)
    0x0800023c   0x00000006   Code   RO         1005    .ARM.Collect$$_printf_percent$$0000000F  c_w.l(_printf_llu.o)
    0x08000242   0x00000006   Code   RO         1010    .ARM.Collect$$_printf_percent$$00000010  c_w.l(_printf_llo.o)
    0x08000248   0x00000006   Code   RO         1011    .ARM.Collect$$_printf_percent$$00000011  c_w.l(_printf_llx.o)
    0x0800024e   0x0000000a   Code   RO         1007    .ARM.Collect$$_printf_percent$$00000012  c_w.l(_printf_l.o)
    0x08000258   0x00000006   Code   RO          890    .ARM.Collect$$_printf_percent$$00000013  c_w.l(_printf_c.o)
    0x0800025e   0x00000006   Code   RO          891    .ARM.Collect$$_printf_percent$$00000014  c_w.l(_printf_s.o)
    0x08000264   0x00000006   Code   RO         1008    .ARM.Collect$$_printf_percent$$00000015  c_w.l(_printf_lc.o)
    0x0800026a   0x00000006   Code   RO         1009    .ARM.Collect$$_printf_percent$$00000016  c_w.l(_printf_ls.o)
    0x08000270   0x00000004   Code   RO         1002    .ARM.Collect$$_printf_percent$$00000017  c_w.l(_printf_percent_end.o)
    0x08000274   0x00000002   Code   RO         1118    .ARM.Collect$$libinit$$00000000  c_w.l(libinit.o)
    0x08000276   0x00000000   Code   RO         1131    .ARM.Collect$$libinit$$00000002  c_w.l(libinit2.o)
    0x08000276   0x00000000   Code   RO         1133    .ARM.Collect$$libinit$$00000004  c_w.l(libinit2.o)
    0x08000276   0x00000000   Code   RO         1136    .ARM.Collect$$libinit$$0000000A  c_w.l(libinit2.o)
    0x08000276   0x00000000   Code   RO         1138    .ARM.Collect$$libinit$$0000000C  c_w.l(libinit2.o)
    0x08000276   0x00000000   Code   RO         1140    .ARM.Collect$$libinit$$0000000E  c_w.l(libinit2.o)
    0x08000276   0x00000006   Code   RO         1141    .ARM.Collect$$libinit$$0000000F  c_w.l(libinit2.o)
    0x0800027c   0x00000000   Code   RO         1143    .ARM.Collect$$libinit$$00000011  c_w.l(libinit2.o)
    0x0800027c   0x0000000c   Code   RO         1144    .ARM.Collect$$libinit$$00000012  c_w.l(libinit2.o)
    0x08000288   0x00000000   Code   RO         1145    .ARM.Collect$$libinit$$00000013  c_w.l(libinit2.o)
    0x08000288   0x00000000   Code   RO         1147    .ARM.Collect$$libinit$$00000015  c_w.l(libinit2.o)
    0x08000288   0x0000000a   Code   RO         1148    .ARM.Collect$$libinit$$00000016  c_w.l(libinit2.o)
    0x08000292   0x00000000   Code   RO         1149    .ARM.Collect$$libinit$$00000017  c_w.l(libinit2.o)
    0x08000292   0x00000000   Code   RO         1151    .ARM.Collect$$libinit$$00000019  c_w.l(libinit2.o)
    0x08000292   0x00000000   Code   RO         1153    .ARM.Collect$$libinit$$0000001B  c_w.l(libinit2.o)
    0x08000292   0x00000000   Code   RO         1155    .ARM.Collect$$libinit$$0000001D  c_w.l(libinit2.o)
    0x08000292   0x00000000   Code   RO         1157    .ARM.Collect$$libinit$$0000001F  c_w.l(libinit2.o)
    0x08000292   0x00000000   Code   RO         1159    .ARM.Collect$$libinit$$00000021  c_w.l(libinit2.o)
    0x08000292   0x00000000   Code   RO         1161    .ARM.Collect$$libinit$$00000023  c_w.l(libinit2.o)
    0x08000292   0x00000000   Code   RO         1163    .ARM.Collect$$libinit$$00000025  c_w.l(libinit2.o)
    0x08000292   0x00000000   Code   RO         1167    .ARM.Collect$$libinit$$0000002C  c_w.l(libinit2.o)
    0x08000292   0x00000000   Code   RO         1169    .ARM.Collect$$libinit$$0000002E  c_w.l(libinit2.o)
    0x08000292   0x00000000   Code   RO         1171    .ARM.Collect$$libinit$$00000030  c_w.l(libinit2.o)
    0x08000292   0x00000000   Code   RO         1173    .ARM.Collect$$libinit$$00000032  c_w.l(libinit2.o)
    0x08000292   0x00000002   Code   RO         1174    .ARM.Collect$$libinit$$00000033  c_w.l(libinit2.o)
    0x08000294   0x00000002   Code   RO         1192    .ARM.Collect$$libshutdown$$00000000  c_w.l(libshutdown.o)
    0x08000296   0x00000000   Code   RO         1203    .ARM.Collect$$libshutdown$$00000003  c_w.l(libshutdown2.o)
    0x08000296   0x00000000   Code   RO         1206    .ARM.Collect$$libshutdown$$00000006  c_w.l(libshutdown2.o)
    0x08000296   0x00000000   Code   RO         1209    .ARM.Collect$$libshutdown$$00000009  c_w.l(libshutdown2.o)
    0x08000296   0x00000000   Code   RO         1211    .ARM.Collect$$libshutdown$$0000000B  c_w.l(libshutdown2.o)
    0x08000296   0x00000000   Code   RO         1214    .ARM.Collect$$libshutdown$$0000000E  c_w.l(libshutdown2.o)
    0x08000296   0x00000002   Code   RO         1215    .ARM.Collect$$libshutdown$$0000000F  c_w.l(libshutdown2.o)
    0x08000298   0x00000000   Code   RO          966    .ARM.Collect$$rtentry$$00000000  c_w.l(__rtentry.o)
    0x08000298   0x00000000   Code   RO         1032    .ARM.Collect$$rtentry$$00000002  c_w.l(__rtentry2.o)
    0x08000298   0x00000006   Code   RO         1044    .ARM.Collect$$rtentry$$00000004  c_w.l(__rtentry4.o)
    0x0800029e   0x00000000   Code   RO         1034    .ARM.Collect$$rtentry$$00000009  c_w.l(__rtentry2.o)
    0x0800029e   0x00000004   Code   RO         1035    .ARM.Collect$$rtentry$$0000000A  c_w.l(__rtentry2.o)
    0x080002a2   0x00000000   Code   RO         1037    .ARM.Collect$$rtentry$$0000000C  c_w.l(__rtentry2.o)
    0x080002a2   0x00000008   Code   RO         1038    .ARM.Collect$$rtentry$$0000000D  c_w.l(__rtentry2.o)
    0x080002aa   0x00000002   Code   RO         1125    .ARM.Collect$$rtexit$$00000000  c_w.l(rtexit.o)
    0x080002ac   0x00000000   Code   RO         1176    .ARM.Collect$$rtexit$$00000002  c_w.l(rtexit2.o)
    0x080002ac   0x00000004   Code   RO         1177    .ARM.Collect$$rtexit$$00000003  c_w.l(rtexit2.o)
    0x080002b0   0x00000006   Code   RO         1178    .ARM.Collect$$rtexit$$00000004  c_w.l(rtexit2.o)
    0x080002b6   0x00000002   PAD
    0x080002b8   0x000001f4   Code   RO            1    .text               main.o
    0x080004ac   0x00000012   Code   RO          130    .text               stm32f10x_it.o
    0x080004be   0x00000002   PAD
    0x080004c0   0x00000158   Code   RO          162    .text               system_stm32f10x.o
    0x08000618   0x00000050   Code   RO          180    .text               led.o
    0x08000668   0x00000110   Code   RO          192    .text               key.o
    0x08000778   0x000051d4   Code   RO          205    .text               lcd.o
    0x0800594c   0x00000140   Code   RO          236    .text               spi.o
    0x08005a8c   0x000005e0   Code   RO          255    .text               flash.o
    0x0800606c   0x000005ec   Code   RO          278    .text               mmc_sd.o
    0x08006658   0x000002ac   Code   RO          297    .text               myiic.o
    0x08006904   0x00000236   Code   RO          313    .text               24cxx.o
    0x08006b3a   0x00000002   PAD
    0x08006b3c   0x00000a94   Code   RO          329    .text               touch.o
    0x080075d0   0x000002a0   Code   RO          354    .text               ctiic.o
    0x08007870   0x000003cc   Code   RO          370    .text               ott2001a.o
    0x08007c3c   0x00000374   Code   RO          387    .text               usart2.o
    0x08007fb0   0x000000a0   Code   RO          417    .text               delay.o
    0x08008050   0x00000008   Code   RO          431    .text               sys.o
    0x08008058   0x0000012c   Code   RO          443    .text               usart.o
    0x08008184   0x00000040   Code   RO          481    .text               startup_stm32f10x_hd.o
    0x080081c4   0x000002b8   Code   RO          485    .text               stm32f10x_gpio.o
    0x0800847c   0x000002d8   Code   RO          497    .text               stm32f10x_rcc.o
    0x08008754   0x0000034c   Code   RO          512    .text               stm32f10x_usart.o
    0x08008aa0   0x000000c4   Code   RO          524    .text               misc.o
    0x08008b64   0x000002a8   Code   RO          536    .text               stm32f10x_spi.o
    0x08008e0c   0x00000caa   Code   RO          548    .text               stm32f10x_tim.o
    0x08009ab6   0x00000002   PAD
    0x08009ab8   0x000001f4   Code   RO          561    .text               stm32f10x_dma.o
    0x08009cac   0x000001ec   Code   RO          588    .text               malloc.o
    0x08009e98   0x00000144   Code   RO          612    .text               exfuns.o
    0x08009fdc   0x00000168   Code   RO          669    .text               diskio.o
    0x0800a144   0x00002f4a   Code   RO          691    .text               ff.o
    0x0800d08e   0x00000002   PAD
    0x0800d090   0x000000a0   Code   RO          707    .text               mycc936.o
    0x0800d130   0x00000380   Code   RO          720    .text               fontupd.o
    0x0800d4b0   0x0000033c   Code   RO          742    .text               text.o
    0x0800d7ec   0x00000ba8   Code   RO          758    .text               usmart.o
    0x0800e394   0x000005ac   Code   RO          793    .text               usmart_str.o
    0x0800e940   0x00002fd8   Code   RO          806    .text               sim800c.o
    0x08011918   0x00000002   Code   RO          829    .text               c_w.l(use_no_semi_2.o)
    0x0801191a   0x00000002   PAD
    0x0801191c   0x00000024   Code   RO          831    .text               c_w.l(c89vsprintf.o)
    0x08011940   0x00000018   Code   RO          833    .text               c_w.l(__2printf.o)
    0x08011958   0x0000002c   Code   RO          835    .text               c_w.l(__2sprintf.o)
    0x08011984   0x0000004e   Code   RO          843    .text               c_w.l(_printf_pad.o)
    0x080119d2   0x00000052   Code   RO          845    .text               c_w.l(_printf_str.o)
    0x08011a24   0x00000078   Code   RO          847    .text               c_w.l(_printf_dec.o)
    0x08011a9c   0x00000094   Code   RO          867    .text               c_w.l(_printf_hex_int_ll_ptr.o)
    0x08011b30   0x00000188   Code   RO          887    .text               c_w.l(__printf_flags_ss_wp.o)
    0x08011cb8   0x00000024   Code   RO          896    .text               c_w.l(strstr.o)
    0x08011cdc   0x00000048   Code   RO          898    .text               c_w.l(strcpy.o)
    0x08011d24   0x0000003e   Code   RO          900    .text               c_w.l(strlen.o)
    0x08011d62   0x00000002   PAD
    0x08011d64   0x00000080   Code   RO          902    .text               c_w.l(strcmpv7m.o)
    0x08011de4   0x00000006   Code   RO          904    .text               c_w.l(heapauxi.o)
    0x08011dea   0x00000002   Code   RO          964    .text               c_w.l(use_no_semi.o)
    0x08011dec   0x00000016   Code   RO          967    .text               c_w.l(_rserrno.o)
    0x08011e02   0x00000024   Code   RO          969    .text               c_w.l(_printf_truncate.o)
    0x08011e26   0x000000b2   Code   RO          971    .text               c_w.l(_printf_intcommon.o)
    0x08011ed8   0x00000028   Code   RO          973    .text               c_w.l(_printf_charcount.o)
    0x08011f00   0x00000030   Code   RO          975    .text               c_w.l(_printf_char_common.o)
    0x08011f30   0x0000000a   Code   RO          977    .text               c_w.l(_sputc.o)
    0x08011f3a   0x0000002c   Code   RO          979    .text               c_w.l(_printf_char.o)
    0x08011f66   0x00000002   PAD
    0x08011f68   0x00000024   Code   RO          981    .text               c_w.l(_printf_char_file.o)
    0x08011f8c   0x000000bc   Code   RO          983    .text               c_w.l(_printf_wctomb.o)
    0x08012048   0x0000007c   Code   RO          986    .text               c_w.l(_printf_longlong_dec.o)
    0x080120c4   0x00000070   Code   RO          992    .text               c_w.l(_printf_oct_int_ll.o)
    0x08012134   0x00000008   Code   RO         1049    .text               c_w.l(rt_errno_addr_intlibspace.o)
    0x0801213c   0x0000008a   Code   RO         1051    .text               c_w.l(lludiv10.o)
    0x080121c6   0x0000041a   Code   RO         1053    .text               c_w.l(_printf_fp_dec.o)
    0x080125e0   0x0000002c   Code   RO         1057    .text               c_w.l(_printf_wchar.o)
    0x0801260c   0x00000008   Code   RO         1059    .text               c_w.l(ferror.o)
    0x08012614   0x00000040   Code   RO         1063    .text               c_w.l(_wcrtomb.o)
    0x08012654   0x00000008   Code   RO         1069    .text               c_w.l(libspace.o)
    0x0801265c   0x0000004a   Code   RO         1072    .text               c_w.l(sys_stackheap_outer.o)
    0x080126a6   0x00000002   PAD
    0x080126a8   0x00000010   Code   RO         1074    .text               c_w.l(rt_ctype_table.o)
    0x080126b8   0x00000008   Code   RO         1079    .text               c_w.l(rt_locale_intlibspace.o)
    0x080126c0   0x00000080   Code   RO         1081    .text               c_w.l(_printf_fp_infnan.o)
    0x08012740   0x000000dc   Code   RO         1083    .text               c_w.l(bigflt0.o)
    0x0801281c   0x0000000c   Code   RO         1111    .text               c_w.l(exit.o)
    0x08012828   0x0000003e   Code   RO         1086    CL$$btod_d2e        c_w.l(btod.o)
    0x08012866   0x00000046   Code   RO         1088    CL$$btod_d2e_denorm_low  c_w.l(btod.o)
    0x080128ac   0x00000060   Code   RO         1087    CL$$btod_d2e_norm_op1  c_w.l(btod.o)
    0x0801290c   0x00000338   Code   RO         1096    CL$$btod_div_common  c_w.l(btod.o)
    0x08012c44   0x000000c6   Code   RO         1093    CL$$btod_e2e        c_w.l(btod.o)
    0x08012d0a   0x00000028   Code   RO         1090    CL$$btod_ediv       c_w.l(btod.o)
    0x08012d32   0x00000028   Code   RO         1089    CL$$btod_emul       c_w.l(btod.o)
    0x08012d5a   0x00000244   Code   RO         1095    CL$$btod_mult_common  c_w.l(btod.o)
    0x08012f9e   0x00000028   Code   RO         1123    i.__ARM_fpclassify  m_ws.l(fpclassify.o)
    0x08012fc6   0x0000000e   Code   RO          880    i._is_digit         c_w.l(__printf_wp.o)
    0x08012fd4   0x0000004c   Code   RO          957    i.sqrt              m_ws.l(sqrt.o)
    0x08013020   0x0000002c   Code   RO         1109    locale$$code        c_w.l(lc_numeric_c.o)
    0x0801304c   0x0000002c   Code   RO         1128    locale$$code        c_w.l(lc_ctype_c.o)
    0x08013078   0x00000150   Code   RO          908    x$fpl$dadd          fz_ws.l(daddsub_clz.o)
    0x080131c8   0x0000005a   Code   RO          914    x$fpl$dfixu         fz_ws.l(dfixu.o)
    0x08013222   0x00000026   Code   RO          918    x$fpl$dfltu         fz_ws.l(dflt_clz.o)
    0x08013248   0x00000154   Code   RO          924    x$fpl$dmul          fz_ws.l(dmul.o)
    0x0801339c   0x0000009c   Code   RO         1014    x$fpl$dnaninf       fz_ws.l(dnaninf.o)
    0x08013438   0x0000000c   Code   RO         1016    x$fpl$dretinf       fz_ws.l(dretinf.o)
    0x08013444   0x00000016   Code   RO          909    x$fpl$drsb          fz_ws.l(daddsub_clz.o)
    0x0801345a   0x00000002   PAD
    0x0801345c   0x000001cc   Code   RO         1018    x$fpl$dsqrt         fz_ws.l(dsqrt_noumaal.o)
    0x08013628   0x000001d4   Code   RO          910    x$fpl$dsub          fz_ws.l(daddsub_clz.o)
    0x080137fc   0x000000c4   Code   RO          926    x$fpl$fadd          fz_ws.l(faddsub_clz.o)
    0x080138c0   0x0000000c   Code   RO         1020    x$fpl$fcheck1       fz_ws.l(fcheck1.o)
    0x080138cc   0x00000018   Code   RO         1022    x$fpl$fcmpinf       fz_ws.l(fcmpi.o)
    0x080138e4   0x00000184   Code   RO          933    x$fpl$fdiv          fz_ws.l(fdiv.o)
    0x08013a68   0x00000068   Code   RO          936    x$fpl$feqf          fz_ws.l(feqf.o)
    0x08013ad0   0x00000036   Code   RO          938    x$fpl$ffix          fz_ws.l(ffix.o)
    0x08013b06   0x00000002   PAD
    0x08013b08   0x0000003e   Code   RO          942    x$fpl$ffixu         fz_ws.l(ffixu.o)
    0x08013b46   0x00000002   PAD
    0x08013b48   0x00000030   Code   RO          947    x$fpl$fflt          fz_ws.l(fflt_clz.o)
    0x08013b78   0x00000026   Code   RO          946    x$fpl$ffltu         fz_ws.l(fflt_clz.o)
    0x08013b9e   0x00000002   PAD
    0x08013ba0   0x00000102   Code   RO          952    x$fpl$fmul          fz_ws.l(fmul.o)
    0x08013ca2   0x0000008c   Code   RO         1024    x$fpl$fnaninf       fz_ws.l(fnaninf.o)
    0x08013d2e   0x0000000a   Code   RO         1026    x$fpl$fretinf       fz_ws.l(fretinf.o)
    0x08013d38   0x000000ea   Code   RO          928    x$fpl$fsub          fz_ws.l(faddsub_clz.o)
    0x08013e22   0x00000004   Code   RO         1028    x$fpl$printf1       fz_ws.l(printf1.o)
    0x08013e26   0x00000064   Code   RO         1067    x$fpl$retnan        fz_ws.l(retnan.o)
    0x08013e8a   0x0000004c   Code   RO          954    x$fpl$scalbnf       fz_ws.l(scalbnf.o)
    0x08013ed6   0x00000030   Code   RO         1121    x$fpl$trapveneer    fz_ws.l(trapv.o)
    0x08013f06   0x00000000   Code   RO         1030    x$fpl$usenofp       fz_ws.l(usenofp.o)
    0x08013f06   0x000017c0   Data   RO          207    .constdata          lcd.o
    0x080156c6   0x0000000c   Data   RO          330    .constdata          touch.o
    0x080156d2   0x0000000a   Data   RO          371    .constdata          ott2001a.o
    0x080156dc   0x0000003a   Data   RO          692    .constdata          ff.o
    0x08015716   0x000003c0   Data   RO          708    .constdata          mycc936.o
    0x08015ad6   0x00000002   PAD
    0x08015ad8   0x0000000c   Data   RO          807    .constdata          sim800c.o
    0x08015ae4   0x00000028   Data   RO          868    .constdata          c_w.l(_printf_hex_int_ll_ptr.o)
    0x08015b0c   0x00000011   Data   RO          888    .constdata          c_w.l(__printf_flags_ss_wp.o)
    0x08015b1d   0x00000003   PAD
    0x08015b20   0x00000008   Data   RO          984    .constdata          c_w.l(_printf_wctomb.o)
    0x08015b28   0x00000094   Data   RO         1084    .constdata          c_w.l(bigflt0.o)
    0x08015bbc   0x00000079   Data   RO          331    .conststring        touch.o
    0x08015c35   0x00000003   PAD
    0x08015c38   0x00000064   Data   RO          615    .conststring        exfuns.o
    0x08015c9c   0x0000006d   Data   RO          722    .conststring        fontupd.o
    0x08015d09   0x00000003   PAD
    0x08015d0c   0x00000028   Data   RO          759    .conststring        usmart.o
    0x08015d34   0x0000009f   Data   RO          775    .conststring        usmart_config.o
    0x08015dd3   0x00000001   PAD
    0x08015dd4   0x000000c9   Data   RO          808    .conststring        sim800c.o
    0x08015e9d   0x00000003   PAD
    0x08015ea0   0x00000020   Data   RO         1247    Region$$Table       anon$$obj.o
    0x08015ec0   0x0000001c   Data   RO         1108    locale$$data        c_w.l(lc_numeric_c.o)
    0x08015edc   0x00000110   Data   RO         1127    locale$$data        c_w.l(lc_ctype_c.o)


    Execution Region RW_IRAM1 (Base: 0x20000000, Size: 0x0000a7f0, Max: 0x0000c000, ABSOLUTE, COMPRESSED[0x00000128])

    Base Addr    Size         Type   Attr      Idx    E Section Name        Object

    0x20000000   0x00000014   Data   RW          163    .data               system_stm32f10x.o
    0x20000014   0x00000001   Data   RW          193    .data               key.o
    0x20000015   0x00000001   PAD
    0x20000016   0x00000004   Data   RW          208    .data               lcd.o
    0x2000001a   0x00000002   Data   RW          256    .data               flash.o
    0x2000001c   0x00000001   Data   RW          279    .data               mmc_sd.o
    0x2000001d   0x00000003   PAD
    0x20000020   0x0000003c   Data   RW          332    .data               touch.o
    0x2000005c   0x00000001   Data   RW          372    .data               ott2001a.o
    0x2000005d   0x00000001   PAD
    0x2000005e   0x00000004   Data   RW          389    .data               usart2.o
    0x20000062   0x00000004   Data   RW          418    .data               delay.o
    0x20000066   0x00000002   Data   RW          445    .data               usart.o
    0x20000068   0x00000004   Data   RW          446    .data               usart.o
    0x2000006c   0x00000014   Data   RW          498    .data               stm32f10x_rcc.o
    0x20000080   0x00000014   Data   RW          594    .data               malloc.o
    0x20000094   0x0000014c   Data   RW          616    .data               exfuns.o
    0x200001e0   0x00000002   Data   RW          670    .data               diskio.o
    0x200001e2   0x00000002   PAD
    0x200001e4   0x0000000c   Data   RW          693    .data               ff.o
    0x200001f0   0x00000010   Data   RW          723    .data               fontupd.o
    0x20000200   0x0000001c   Data   RW          760    .data               usmart.o
    0x2000021c   0x00000028   Data   RW          776    .data               usmart_config.o
    0x20000244   0x000000f4   Data   RW          777    .data               usmart_config.o
    0x20000338   0x00000084   Data   RW          809    .data               sim800c.o
    0x200003bc   0x0000000e   Zero   RW          206    .bss                lcd.o
    0x200003ca   0x00000012   Zero   RW          237    .bss                spi.o
    0x200003dc   0x00000004   PAD
    0x200003e0   0x00000800   Zero   RW          388    .bss                usart2.o
    0x20000be0   0x000000c8   Zero   RW          444    .bss                usart.o
    0x20000ca8   0x00008c00   Zero   RW          589    .bss                malloc.o
    0x200098a8   0x000008c0   Zero   RW          590    .bss                malloc.o
    0x2000a168   0x00000021   Zero   RW          721    .bss                fontupd.o
    0x2000a189   0x00000003   PAD
    0x2000a18c   0x00000060   Zero   RW         1070    .bss                c_w.l(libspace.o)
    0x2000a1ec   0x00000004   PAD
    0x2000a1f0   0x00000200   Zero   RW          479    HEAP                startup_stm32f10x_hd.o
    0x2000a3f0   0x00000400   Zero   RW          478    STACK               startup_stm32f10x_hd.o


==============================================================================

Image component sizes


      Code (inc. data)   RO Data    RW Data    ZI Data      Debug   Object Name

       566          0          0          0          0       2856   24cxx.o
         0          0          0          0          0         32   core_cm3.o
       672          8          0          0          0       2691   ctiic.o
       160         14          0          4          0        975   delay.o
       360         14          0          2          0       3510   diskio.o
       324         10        100        332          0       5162   exfuns.o
     12106        140         58         12          0      32220   ff.o
      1504         22          0          2          0       5658   flash.o
       896        120        109         16         33       3442   fontupd.o
       272         16          0          1          0        892   key.o
     20948        152       6080          4         14      23138   lcd.o
        80         10          0          0          0        491   led.o
       500        132          0          0          0     270563   main.o
       492          4          0         20      38080       4247   malloc.o
       196         12          0          0          0       1693   misc.o
      1516         22          0          1          0       7352   mmc_sd.o
       160         14        960          0          0       1405   mycc936.o
       684          8          0          0          0       2426   myiic.o
       972         60         10          1          0       3120   ott2001a.o
     12248       2604        213        132          0      15873   sim800c.o
       320         14          0          0         18       1651   spi.o
        64         26        304          0       1536        784   startup_stm32f10x_hd.o
       500         60          0          0          0       4110   stm32f10x_dma.o
       696          8          0          0          0       5105   stm32f10x_gpio.o
        18          0          0          0          0       1150   stm32f10x_it.o
       728         36          0         20          0       8218   stm32f10x_rcc.o
       680          4          0          0          0       5650   stm32f10x_spi.o
      3242         20          0          0          0      19218   stm32f10x_tim.o
       844          4          0          0          0       7136   stm32f10x_usart.o
         8          0          0          0          0        413   sys.o
       344         32          0         20          0       1611   system_stm32f10x.o
       828         16          0          0          0       3058   text.o
      2708        154        133         60          0       6701   touch.o
       300         22          0          6        200       3106   usart.o
       884         42          0          4       2048       4367   usart2.o
      2984       1294         40         28          0       4800   usmart.o
         0          0        159        284          0       1588   usmart_config.o
      1452         12          0          0          0       5919   usmart_str.o

    ----------------------------------------------------------------------
     71264       5106       8210        956      41936     472331   Object Totals
         0          0         32          0          0          0   (incl. Generated)
         8          0         12          7          7          0   (incl. Padding)

    ----------------------------------------------------------------------

      Code (inc. data)   RO Data    RW Data    ZI Data      Debug   Library Member Name

        24          4          0          0          0         84   __2printf.o
        44          6          0          0          0         84   __2sprintf.o
        90          0          0          0          0          0   __dczerorl2.o
         8          0          0          0          0         68   __main.o
       392          4         17          0          0         92   __printf_flags_ss_wp.o
        14          0          0          0          0         68   __printf_wp.o
         0          0          0          0          0          0   __rtentry.o
        12          0          0          0          0          0   __rtentry2.o
         6          0          0          0          0          0   __rtentry4.o
        52          8          0          0          0          0   __scatter.o
        28          0          0          0          0          0   __scatter_zi.o
         6          0          0          0          0          0   _printf_a.o
         6          0          0          0          0          0   _printf_c.o
        44          0          0          0          0        108   _printf_char.o
        48          6          0          0          0         96   _printf_char_common.o
        36          4          0          0          0         80   _printf_char_file.o
        40          0          0          0          0         68   _printf_charcount.o
         6          0          0          0          0          0   _printf_d.o
       120         16          0          0          0         92   _printf_dec.o
         6          0          0          0          0          0   _printf_e.o
         6          0          0          0          0          0   _printf_f.o
      1050          0          0          0          0        216   _printf_fp_dec.o
       128         16          0          0          0         84   _printf_fp_infnan.o
         6          0          0          0          0          0   _printf_g.o
       148          4         40          0          0        160   _printf_hex_int_ll_ptr.o
         6          0          0          0          0          0   _printf_i.o
       178          0          0          0          0         88   _printf_intcommon.o
        10          0          0          0          0          0   _printf_l.o
         6          0          0          0          0          0   _printf_lc.o
        10          0          0          0          0          0   _printf_ll.o
         6          0          0          0          0          0   _printf_lld.o
         6          0          0          0          0          0   _printf_lli.o
         6          0          0          0          0          0   _printf_llo.o
         6          0          0          0          0          0   _printf_llu.o
         6          0          0          0          0          0   _printf_llx.o
       124         16          0          0          0         92   _printf_longlong_dec.o
         6          0          0          0          0          0   _printf_ls.o
         6          0          0          0          0          0   _printf_n.o
         6          0          0          0          0          0   _printf_o.o
       112          8          0          0          0        124   _printf_oct_int_ll.o
         6          0          0          0          0          0   _printf_p.o
        78          0          0          0          0        108   _printf_pad.o
         0          0          0          0          0          0   _printf_percent.o
         4          0          0          0          0          0   _printf_percent_end.o
         6          0          0          0          0          0   _printf_s.o
        82          0          0          0          0         80   _printf_str.o
        36          0          0          0          0         84   _printf_truncate.o
         6          0          0          0          0          0   _printf_u.o
        44          0          0          0          0        108   _printf_wchar.o
       188          6          8          0          0         92   _printf_wctomb.o
         6          0          0          0          0          0   _printf_x.o
        22          0          0          0          0        100   _rserrno.o
        10          0          0          0          0         68   _sputc.o
        64          0          0          0          0         92   _wcrtomb.o
       220          4        148          0          0         96   bigflt0.o
      1910        128          0          0          0        672   btod.o
        36          4          0          0          0         76   c89vsprintf.o
        12          0          0          0          0         72   exit.o
         8          0          0          0          0         68   ferror.o
         6          0          0          0          0        152   heapauxi.o
        44         10        272          0          0         76   lc_ctype_c.o
        44         10         28          0          0         76   lc_numeric_c.o
         2          0          0          0          0          0   libinit.o
        30          0          0          0          0          0   libinit2.o
         2          0          0          0          0          0   libshutdown.o
         2          0          0          0          0          0   libshutdown2.o
         8          4          0          0         96         68   libspace.o
       138          0          0          0          0         80   lludiv10.o
        16          4          0          0          0         76   rt_ctype_table.o
         8          4          0          0          0         68   rt_errno_addr_intlibspace.o
         8          4          0          0          0         68   rt_locale_intlibspace.o
         2          0          0          0          0          0   rtexit.o
        10          0          0          0          0          0   rtexit2.o
       128          0          0          0          0         68   strcmpv7m.o
        72          0          0          0          0         80   strcpy.o
        62          0          0          0          0         76   strlen.o
        36          0          0          0          0         80   strstr.o
        74          0          0          0          0         80   sys_stackheap_outer.o
         2          0          0          0          0         68   use_no_semi.o
         2          0          0          0          0         68   use_no_semi_2.o
       826         16          0          0          0        348   daddsub_clz.o
        90          4          0          0          0         92   dfixu.o
        38          0          0          0          0         68   dflt_clz.o
       340         12          0          0          0        104   dmul.o
       156          4          0          0          0         92   dnaninf.o
        12          0          0          0          0         68   dretinf.o
       460         56          0          0          0        120   dsqrt_noumaal.o
       430          8          0          0          0        168   faddsub_clz.o
        12          4          0          0          0         68   fcheck1.o
        24          0          0          0          0         68   fcmpi.o
       388         76          0          0          0         96   fdiv.o
       104          4          0          0          0         84   feqf.o
        54          4          0          0          0         84   ffix.o
        62          4          0          0          0         84   ffixu.o
        86          0          0          0          0        136   fflt_clz.o
       258          4          0          0          0         84   fmul.o
       140          4          0          0          0         84   fnaninf.o
        10          0          0          0          0         68   fretinf.o
         4          0          0          0          0         68   printf1.o
       100          0          0          0          0         68   retnan.o
        76          0          0          0          0         68   scalbnf.o
        48          0          0          0          0         68   trapv.o
         0          0          0          0          0          0   usenofp.o
        40          0          0          0          0         68   fpclassify.o
        76          0          0          0          0         84   sqrt.o

    ----------------------------------------------------------------------
     10102        470        516          0        100       6844   Library Totals
        20          0          3          0          4          0   (incl. Padding)

    ----------------------------------------------------------------------

      Code (inc. data)   RO Data    RW Data    ZI Data      Debug   Library Name

      6248        270        513          0         96       4504   c_w.l
      3718        200          0          0          0       2188   fz_ws.l
       116          0          0          0          0        152   m_ws.l

    ----------------------------------------------------------------------
     10102        470        516          0        100       6844   Library Totals

    ----------------------------------------------------------------------

==============================================================================


      Code (inc. data)   RO Data    RW Data    ZI Data      Debug   

     81366       5576       8726        956      42036     471423   Grand Totals
     81366       5576       8726        296      42036     471423   ELF Image Totals (compressed)
     81366       5576       8726        296          0          0   ROM Totals

==============================================================================

    Total RO  Size (Code + RO Data)                90092 (  87.98kB)
    Total RW  Size (RW Data + ZI Data)             42992 (  41.98kB)
    Total ROM Size (Code + RO Data + RW Data)      90388 (  88.27kB)

==============================================================================

